Archive member included to satisfy reference by file (symbol)

/home/franco/Ac6/SystemWorkbench/plugins/fr.ac6.mcu.externaltools.arm-none.linux64_1.13.1.201705091103/tools/compiler/bin/../lib/gcc/arm-none-eabi/5.4.1/../../../../arm-none-eabi/lib/armv7e-m/fpu/libc.a(lib_a-errno.o)
                              src/syscalls.o (__errno)
/home/franco/Ac6/SystemWorkbench/plugins/fr.ac6.mcu.externaltools.arm-none.linux64_1.13.1.201705091103/tools/compiler/bin/../lib/gcc/arm-none-eabi/5.4.1/../../../../arm-none-eabi/lib/armv7e-m/fpu/libc.a(lib_a-exit.o)
                              /home/franco/Ac6/SystemWorkbench/plugins/fr.ac6.mcu.externaltools.arm-none.linux64_1.13.1.201705091103/tools/compiler/bin/../lib/gcc/arm-none-eabi/5.4.1/../../../../arm-none-eabi/lib/armv7e-m/fpu/crt0.o (exit)
/home/franco/Ac6/SystemWorkbench/plugins/fr.ac6.mcu.externaltools.arm-none.linux64_1.13.1.201705091103/tools/compiler/bin/../lib/gcc/arm-none-eabi/5.4.1/../../../../arm-none-eabi/lib/armv7e-m/fpu/libc.a(lib_a-impure.o)
                              /home/franco/Ac6/SystemWorkbench/plugins/fr.ac6.mcu.externaltools.arm-none.linux64_1.13.1.201705091103/tools/compiler/bin/../lib/gcc/arm-none-eabi/5.4.1/../../../../arm-none-eabi/lib/armv7e-m/fpu/libc.a(lib_a-exit.o) (_global_impure_ptr)
/home/franco/Ac6/SystemWorkbench/plugins/fr.ac6.mcu.externaltools.arm-none.linux64_1.13.1.201705091103/tools/compiler/bin/../lib/gcc/arm-none-eabi/5.4.1/../../../../arm-none-eabi/lib/armv7e-m/fpu/libc.a(lib_a-init.o)
                              /home/franco/Ac6/SystemWorkbench/plugins/fr.ac6.mcu.externaltools.arm-none.linux64_1.13.1.201705091103/tools/compiler/bin/../lib/gcc/arm-none-eabi/5.4.1/../../../../arm-none-eabi/lib/armv7e-m/fpu/crt0.o (__libc_init_array)
/home/franco/Ac6/SystemWorkbench/plugins/fr.ac6.mcu.externaltools.arm-none.linux64_1.13.1.201705091103/tools/compiler/bin/../lib/gcc/arm-none-eabi/5.4.1/../../../../arm-none-eabi/lib/armv7e-m/fpu/libc.a(lib_a-memset.o)
                              /home/franco/Ac6/SystemWorkbench/plugins/fr.ac6.mcu.externaltools.arm-none.linux64_1.13.1.201705091103/tools/compiler/bin/../lib/gcc/arm-none-eabi/5.4.1/../../../../arm-none-eabi/lib/armv7e-m/fpu/crt0.o (memset)
/home/franco/Ac6/SystemWorkbench/plugins/fr.ac6.mcu.externaltools.arm-none.linux64_1.13.1.201705091103/tools/compiler/bin/../lib/gcc/arm-none-eabi/5.4.1/../../../../arm-none-eabi/lib/armv7e-m/fpu/libc.a(lib_a-strlen.o)
                              src/serial.o (strlen)
/home/franco/Ac6/SystemWorkbench/plugins/fr.ac6.mcu.externaltools.arm-none.linux64_1.13.1.201705091103/tools/compiler/bin/../lib/gcc/arm-none-eabi/5.4.1/../../../../arm-none-eabi/lib/armv7e-m/fpu/libc.a(lib_a-__call_atexit.o)
                              /home/franco/Ac6/SystemWorkbench/plugins/fr.ac6.mcu.externaltools.arm-none.linux64_1.13.1.201705091103/tools/compiler/bin/../lib/gcc/arm-none-eabi/5.4.1/../../../../arm-none-eabi/lib/armv7e-m/fpu/libc.a(lib_a-exit.o) (__call_exitprocs)
/home/franco/Ac6/SystemWorkbench/plugins/fr.ac6.mcu.externaltools.arm-none.linux64_1.13.1.201705091103/tools/compiler/bin/../lib/gcc/arm-none-eabi/5.4.1/../../../../arm-none-eabi/lib/armv7e-m/fpu/libc.a(lib_a-atexit.o)
                              /home/franco/Ac6/SystemWorkbench/plugins/fr.ac6.mcu.externaltools.arm-none.linux64_1.13.1.201705091103/tools/compiler/bin/../lib/gcc/arm-none-eabi/5.4.1/../../../../arm-none-eabi/lib/armv7e-m/fpu/libc.a(lib_a-__call_atexit.o) (atexit)
/home/franco/Ac6/SystemWorkbench/plugins/fr.ac6.mcu.externaltools.arm-none.linux64_1.13.1.201705091103/tools/compiler/bin/../lib/gcc/arm-none-eabi/5.4.1/../../../../arm-none-eabi/lib/armv7e-m/fpu/libc.a(lib_a-fini.o)
                              /home/franco/Ac6/SystemWorkbench/plugins/fr.ac6.mcu.externaltools.arm-none.linux64_1.13.1.201705091103/tools/compiler/bin/../lib/gcc/arm-none-eabi/5.4.1/../../../../arm-none-eabi/lib/armv7e-m/fpu/libc.a(lib_a-__call_atexit.o) (__libc_fini_array)
/home/franco/Ac6/SystemWorkbench/plugins/fr.ac6.mcu.externaltools.arm-none.linux64_1.13.1.201705091103/tools/compiler/bin/../lib/gcc/arm-none-eabi/5.4.1/../../../../arm-none-eabi/lib/armv7e-m/fpu/libc.a(lib_a-__atexit.o)
                              /home/franco/Ac6/SystemWorkbench/plugins/fr.ac6.mcu.externaltools.arm-none.linux64_1.13.1.201705091103/tools/compiler/bin/../lib/gcc/arm-none-eabi/5.4.1/../../../../arm-none-eabi/lib/armv7e-m/fpu/libc.a(lib_a-atexit.o) (__register_exitproc)

Allocating common symbols
Common symbol       size              file

synth_sample        0x2               src/synth.o
DMA_UART_TX_InitStructure
                    0x3c              src/serial.o
synth_command       0x1               src/synth.o
synth_q16q8ampAcc   0x4               src/synth.o
MIDI_buffer         0x200             src/midi.o
sys_DACcurrent      0x4               src/boot.o
sys_DACbuffer1      0x40              src/main.o
q12q16phaseTable    0x13c             src/synth_tables.o
MIDI_dataRcv        0x1               src/synth.o
[...]
Memory Configuration

Name             Origin             Length             Attributes
FLASH            0x08000000         0x00100000         xr
RAM              0x20000000         0x00030000         xrw
MEMORY_B1        0x60000000         0x00000000         xr
*default*        0x00000000         0xffffffff

Linker script and memory map

LOAD /home/franco/Ac6/SystemWorkbench/plugins/fr.ac6.mcu.externaltools.arm-none.linux64_1.13.1.201705091103/tools/compiler/bin/../lib/gcc/arm-none-eabi/5.4.1/armv7e-m/fpu/crti.o
LOAD /home/franco/Ac6/SystemWorkbench/plugins/fr.ac6.mcu.externaltools.arm-none.linux64_1.13.1.201705091103/tools/compiler/bin/../lib/gcc/arm-none-eabi/5.4.1/armv7e-m/fpu/crtbegin.o
LOAD /home/franco/Ac6/SystemWorkbench/plugins/fr.ac6.mcu.externaltools.arm-none.linux64_1.13.1.201705091103/tools/compiler/bin/../lib/gcc/arm-none-eabi/5.4.1/../../../../arm-none-eabi/lib/armv7e-m/fpu/crt0.o
LOAD StdPeriph_Driver/src/misc.o
LOAD StdPeriph_Driver/src/stm32f4xx_adc.o
LOAD StdPeriph_Driver/src/stm32f4xx_can.o
LOAD StdPeriph_Driver/src/stm32f4xx_crc.o
LOAD StdPeriph_Driver/src/stm32f4xx_cryp.o
LOAD StdPeriph_Driver/src/stm32f4xx_cryp_aes.o
LOAD StdPeriph_Driver/src/stm32f4xx_cryp_des.o
LOAD StdPeriph_Driver/src/stm32f4xx_cryp_tdes.o
LOAD StdPeriph_Driver/src/stm32f4xx_dac.o
LOAD StdPeriph_Driver/src/stm32f4xx_dbgmcu.o
LOAD StdPeriph_Driver/src/stm32f4xx_dcmi.o
LOAD StdPeriph_Driver/src/stm32f4xx_dma.o
LOAD StdPeriph_Driver/src/stm32f4xx_exti.o
LOAD StdPeriph_Driver/src/stm32f4xx_flash.o
LOAD StdPeriph_Driver/src/stm32f4xx_fsmc.o
LOAD StdPeriph_Driver/src/stm32f4xx_gpio.o
LOAD StdPeriph_Driver/src/stm32f4xx_hash.o
LOAD StdPeriph_Driver/src/stm32f4xx_hash_md5.o
LOAD StdPeriph_Driver/src/stm32f4xx_hash_sha1.o
LOAD StdPeriph_Driver/src/stm32f4xx_i2c.o
LOAD StdPeriph_Driver/src/stm32f4xx_iwdg.o
LOAD StdPeriph_Driver/src/stm32f4xx_pwr.o
LOAD StdPeriph_Driver/src/stm32f4xx_rcc.o
LOAD StdPeriph_Driver/src/stm32f4xx_rng.o
LOAD StdPeriph_Driver/src/stm32f4xx_rtc.o
LOAD StdPeriph_Driver/src/stm32f4xx_sdio.o
LOAD StdPeriph_Driver/src/stm32f4xx_spi.o
LOAD StdPeriph_Driver/src/stm32f4xx_syscfg.o
LOAD StdPeriph_Driver/src/stm32f4xx_tim.o
LOAD StdPeriph_Driver/src/stm32f4xx_usart.o
LOAD StdPeriph_Driver/src/stm32f4xx_wwdg.o
LOAD src/boot.o
LOAD src/main.o
LOAD src/midi.o
LOAD src/serial.o
LOAD src/synth.o
LOAD src/synth_tables.o
LOAD src/syscalls.o
LOAD src/system_stm32f4xx.o
LOAD src/timer.o
LOAD startup/startup_stm32f4xx.o
LOAD /home/franco/Ac6/SystemWorkbench/plugins/fr.ac6.mcu.externaltools.arm-none.linux64_1.13.1.201705091103/tools/compiler/bin/../lib/gcc/arm-none-eabi/5.4.1/../../../../arm-none-eabi/lib/armv7e-m/fpu/libm.a
START GROUP
LOAD /home/franco/Ac6/SystemWorkbench/plugins/fr.ac6.mcu.externaltools.arm-none.linux64_1.13.1.201705091103/tools/compiler/bin/../lib/gcc/arm-none-eabi/5.4.1/armv7e-m/fpu/libgcc.a
LOAD /home/franco/Ac6/SystemWorkbench/plugins/fr.ac6.mcu.externaltools.arm-none.linux64_1.13.1.201705091103/tools/compiler/bin/../lib/gcc/arm-none-eabi/5.4.1/../../../../arm-none-eabi/lib/armv7e-m/fpu/libc.a
END GROUP
LOAD /home/franco/Ac6/SystemWorkbench/plugins/fr.ac6.mcu.externaltools.arm-none.linux64_1.13.1.201705091103/tools/compiler/bin/../lib/gcc/arm-none-eabi/5.4.1/armv7e-m/fpu/crtend.o
LOAD /home/franco/Ac6/SystemWorkbench/plugins/fr.ac6.mcu.externaltools.arm-none.linux64_1.13.1.201705091103/tools/compiler/bin/../lib/gcc/arm-none-eabi/5.4.1/armv7e-m/fpu/crtn.o
                0x20020000                _estack = 0x20020000
                0x00000000                _Min_Heap_Size = 0x0
                0x00000400                _Min_Stack_Size = 0x400

.isr_vector     0x08000000      0x188
                0x08000000                . = ALIGN (0x4)
 *(.isr_vector)
 .isr_vector    0x08000000      0x188 startup/startup_stm32f4xx.o
                0x08000000                g_pfnVectors
                0x08000188                . = ALIGN (0x4)

.text           0x08000188     0x45e8
                0x08000188                . = ALIGN (0x4)
 *(.text)
 .text          0x08000188       0x5c /home/franco/Ac6/SystemWorkbench/plugins/fr.ac6.mcu.externaltools.arm-none.linux64_1.13.1.201705091103/tools/compiler/bin/../lib/gcc/arm-none-eabi/5.4.1/armv7e-m/fpu/crtbegin.o
 *(.text*)
 .text.NVIC_PriorityGroupConfig
                0x080001e4       0x28 StdPeriph_Driver/src/misc.o
                0x080001e4                NVIC_PriorityGroupConfig
 .text.NVIC_Init
                0x0800020c       0xc4 StdPeriph_Driver/src/misc.o
                0x0800020c                NVIC_Init
 .text.ADC_DeInit
                0x080002d0       0x1c StdPeriph_Driver/src/stm32f4xx_adc.o
                0x080002d0                ADC_DeInit
 .text.ADC_Init
                0x080002ec       0xac StdPeriph_Driver/src/stm32f4xx_adc.o
                0x080002ec                ADC_Init
 .text.ADC_CommonInit
                0x08000398       0x50 StdPeriph_Driver/src/stm32f4xx_adc.o
                0x08000398                ADC_CommonInit
 .text.ADC_Cmd  0x080003e8       0x38 StdPeriph_Driver/src/stm32f4xx_adc.o
                0x080003e8                ADC_Cmd
 .text.ADC_RegularChannelConfig
                0x08000420      0x194 StdPeriph_Driver/src/stm32f4xx_adc.o
                0x08000420                ADC_RegularChannelConfig
 .text.ADC_DMACmd
                0x080005b4       0x38 StdPeriph_Driver/src/stm32f4xx_adc.o
                0x080005b4                ADC_DMACmd
 .text.ADC_DMARequestAfterLastTransferCmd
                0x080005ec       0x38 StdPeriph_Driver/src/stm32f4xx_adc.o
                0x080005ec                ADC_DMARequestAfterLastTransferCmd
 .text.DAC_Init
                0x08000624       0x68 StdPeriph_Driver/src/stm32f4xx_dac.o
                0x08000624                DAC_Init
 .text.DAC_Cmd  0x0800068c       0x4c StdPeriph_Driver/src/stm32f4xx_dac.o
                0x0800068c                DAC_Cmd
 .text.DAC_DMACmd
                0x080006d8       0x50 StdPeriph_Driver/src/stm32f4xx_dac.o
                0x080006d8                DAC_DMACmd
 .text.DMA_DeInit
                0x08000728      0x1a8 StdPeriph_Driver/src/stm32f4xx_dma.o
                0x08000728                DMA_DeInit
 .text.DMA_Init
                0x080008d0       0xb0 StdPeriph_Driver/src/stm32f4xx_dma.o
                0x080008d0                DMA_Init
 .text.DMA_Cmd  0x08000980       0x38 StdPeriph_Driver/src/stm32f4xx_dma.o
                0x08000980                DMA_Cmd
 .text.DMA_DoubleBufferModeConfig
                0x080009b8       0x40 StdPeriph_Driver/src/stm32f4xx_dma.o
                0x080009b8                DMA_DoubleBufferModeConfig
 .text.DMA_DoubleBufferModeCmd
                0x080009f8       0x38 StdPeriph_Driver/src/stm32f4xx_dma.o
                0x080009f8                DMA_DoubleBufferModeCmd
 .text.DMA_ITConfig
                0x08000a30       0x74 StdPeriph_Driver/src/stm32f4xx_dma.o
                0x08000a30                DMA_ITConfig
 .text.DMA_GetITStatus
                0x08000aa4       0xb0 StdPeriph_Driver/src/stm32f4xx_dma.o
                0x08000aa4                DMA_GetITStatus
 .text.DMA_ClearITPendingBit
                0x08000b54       0x5c StdPeriph_Driver/src/stm32f4xx_dma.o
                0x08000b54                DMA_ClearITPendingBit
 .text.EXTI_Init
                0x08000bb0       0xe4 StdPeriph_Driver/src/stm32f4xx_exti.o
                0x08000bb0                EXTI_Init
 .text.EXTI_StructInit
                0x08000c94       0x2c StdPeriph_Driver/src/stm32f4xx_exti.o
                0x08000c94                EXTI_StructInit
 .text.GPIO_Init
                0x08000cc0      0x11c StdPeriph_Driver/src/stm32f4xx_gpio.o
                0x08000cc0                GPIO_Init
 .text.GPIO_ReadInputDataBit
                0x08000ddc       0x34 StdPeriph_Driver/src/stm32f4xx_gpio.o
                0x08000ddc                GPIO_ReadInputDataBit
 .text.GPIO_SetBits
                0x08000e10       0x20 StdPeriph_Driver/src/stm32f4xx_gpio.o
                0x08000e10                GPIO_SetBits
 .text.GPIO_ResetBits
                0x08000e30       0x20 StdPeriph_Driver/src/stm32f4xx_gpio.o
                0x08000e30                GPIO_ResetBits
 .text.GPIO_ToggleBits
                0x08000e50       0x24 StdPeriph_Driver/src/stm32f4xx_gpio.o
                0x08000e50                GPIO_ToggleBits
 .text.GPIO_PinAFConfig
                0x08000e74       0x94 StdPeriph_Driver/src/stm32f4xx_gpio.o
                0x08000e74                GPIO_PinAFConfig
 .text.RCC_GetClocksFreq
                0x08000f08      0x154 StdPeriph_Driver/src/stm32f4xx_rcc.o
                0x08000f08                RCC_GetClocksFreq
 .text.RCC_AHB1PeriphClockCmd
                0x0800105c       0x40 StdPeriph_Driver/src/stm32f4xx_rcc.o
                0x0800105c                RCC_AHB1PeriphClockCmd
 .text.RCC_APB1PeriphClockCmd
                0x0800109c       0x40 StdPeriph_Driver/src/stm32f4xx_rcc.o
                0x0800109c                RCC_APB1PeriphClockCmd
 .text.RCC_APB2PeriphClockCmd
                0x080010dc       0x40 StdPeriph_Driver/src/stm32f4xx_rcc.o
                0x080010dc                RCC_APB2PeriphClockCmd
 .text.RCC_APB2PeriphResetCmd
                0x0800111c       0x40 StdPeriph_Driver/src/stm32f4xx_rcc.o
                0x0800111c                RCC_APB2PeriphResetCmd
 .text.SYSCFG_EXTILineConfig
                0x0800115c       0x84 StdPeriph_Driver/src/stm32f4xx_syscfg.o
                0x0800115c                SYSCFG_EXTILineConfig
 .text.TIM_TimeBaseInit
                0x080011e0       0xd8 StdPeriph_Driver/src/stm32f4xx_tim.o
                0x080011e0                TIM_TimeBaseInit
 .text.TIM_Cmd  0x080012b8       0x40 StdPeriph_Driver/src/stm32f4xx_tim.o
                0x080012b8                TIM_Cmd
 .text.TIM_SelectOutputTrigger
                0x080012f8       0x38 StdPeriph_Driver/src/stm32f4xx_tim.o
                0x080012f8                TIM_SelectOutputTrigger
 .text.USART_Init
                0x08001330      0x174 StdPeriph_Driver/src/stm32f4xx_usart.o
                0x08001330                USART_Init
 .text.USART_Cmd
                0x080014a4       0x40 StdPeriph_Driver/src/stm32f4xx_usart.o
                0x080014a4                USART_Cmd
 .text.USART_DMACmd
                0x080014e4       0x48 StdPeriph_Driver/src/stm32f4xx_usart.o
                0x080014e4                USART_DMACmd
 .text.boot_periph
                0x0800152c       0x3c src/boot.o
                0x0800152c                boot_periph
 .text.ADC1_DMA_Config
                0x08001568      0x1a0 src/boot.o
                0x08001568                ADC1_DMA_Config
 .text.DAC1_Config
                0x08001708      0x12c src/boot.o
                0x08001708                DAC1_Config
 .text.LED_Init
                0x08001834       0x3c src/boot.o
                0x08001834                LED_Init
 .text.button_init
                0x08001870       0x80 src/boot.o
                0x08001870                button_init
 .text.main     0x080018f0       0x14 src/main.o
                0x080018f0                main
 .text.midi_test
                0x08001904       0x24 src/midi.o
                0x08001904                midi_test
 .text.midi_startup
                0x08001928      0x114 src/midi.o
                0x08001928                midi_startup
 .text.MIDI_getCommand
                0x08001a3c      0x1a0 src/midi.o
                0x08001a3c                MIDI_getCommand
 .text.synth_FSM
                0x08001bdc      0x1a0 src/synth.o
                0x08001bdc                synth_FSM
 .text.check_timeout
                0x08001d7c       0x40 src/synth.o
                0x08001d7c                check_timeout
 .text.DMA1_Stream5_IRQHandler
                0x08001dbc       0x58 src/synth.o
                0x08001dbc                DMA1_Stream5_IRQHandler
 .text.MIDITable_update
                0x08001e14       0xb8 src/synth.o
                0x08001e14                MIDITable_update
 .text.sinthesize_sample
                0x08001ecc       0x5c src/synth.o
                0x08001ecc                sinthesize_sample
 .text.ampTable_update
                0x08001f28       0x6c src/synth.o
                0x08001f28                ampTable_update
 .text.atender_sysex
                0x08001f94       0x10 src/synth.o
                0x08001f94                atender_sysex
 .text.atender_crash
                0x08001fa4       0x10 src/synth.o
                0x08001fa4                atender_crash
 .text.synth_init
                0x08001fb4      0x10c src/synth.o
                0x08001fb4                synth_init
 .text.SystemInit
                0x080020c0       0x6c src/system_stm32f4xx.o
                0x080020c0                SystemInit
 .text.SetSysClock
                0x0800212c       0xf8 src/system_stm32f4xx.o
 .text.timer_startup
                0x08002224       0xa0 src/timer.o
                0x08002224                timer_startup
 .text.Reset_Handler
                0x080022c4       0x48 startup/startup_stm32f4xx.o
                0x080022c4                Reset_Handler
 .text.Default_Handler
                0x0800230c        0x2 startup/startup_stm32f4xx.o
                0x0800230c                RTC_Alarm_IRQHandler
                0x0800230c                HASH_RNG_IRQHandler
                0x0800230c                EXTI2_IRQHandler
                0x0800230c                TIM8_CC_IRQHandler
                0x0800230c                DebugMon_Handler
                0x0800230c                TIM1_CC_IRQHandler
                0x0800230c                DMA2_Stream5_IRQHandler
                0x0800230c                HardFault_Handler
                0x0800230c                SysTick_Handler
                0x0800230c                PVD_IRQHandler
                0x0800230c                SDIO_IRQHandler
                0x0800230c                TAMP_STAMP_IRQHandler
                0x0800230c                PendSV_Handler
                0x0800230c                NMI_Handler
                0x0800230c                CAN2_RX1_IRQHandler
                0x0800230c                EXTI3_IRQHandler
                0x0800230c                TIM8_TRG_COM_TIM14_IRQHandler
                0x0800230c                TIM1_UP_TIM10_IRQHandler
                0x0800230c                TIM8_UP_TIM13_IRQHandler
                0x0800230c                I2C3_ER_IRQHandler
                0x0800230c                EXTI0_IRQHandler
                0x0800230c                I2C2_EV_IRQHandler
                0x0800230c                DMA1_Stream2_IRQHandler
                0x0800230c                CAN1_RX0_IRQHandler
                0x0800230c                FPU_IRQHandler
                0x0800230c                OTG_HS_WKUP_IRQHandler
                0x0800230c                UsageFault_Handler
                0x0800230c                CAN2_SCE_IRQHandler
                0x0800230c                DMA2_Stream2_IRQHandler
                0x0800230c                SPI1_IRQHandler
                0x0800230c                TIM6_DAC_IRQHandler
                0x0800230c                TIM1_BRK_TIM9_IRQHandler
                0x0800230c                DCMI_IRQHandler
                0x0800230c                CAN2_RX0_IRQHandler
                0x0800230c                DMA2_Stream3_IRQHandler
                0x0800230c                USART6_IRQHandler
                0x0800230c                USART3_IRQHandler
                0x0800230c                CRYP_IRQHandler
                0x0800230c                CAN1_RX1_IRQHandler
                0x0800230c                UART5_IRQHandler
                0x0800230c                DMA2_Stream0_IRQHandler
                0x0800230c                TIM4_IRQHandler
                0x0800230c                I2C1_EV_IRQHandler
                0x0800230c                DMA1_Stream6_IRQHandler
                0x0800230c                DMA1_Stream1_IRQHandler
                0x0800230c                UART4_IRQHandler
                0x0800230c                TIM3_IRQHandler
                0x0800230c                RCC_IRQHandler
                0x0800230c                TIM8_BRK_TIM12_IRQHandler
                0x0800230c                Default_Handler
                0x0800230c                EXTI15_10_IRQHandler
                0x0800230c                ADC_IRQHandler
                0x0800230c                DMA1_Stream7_IRQHandler
                0x0800230c                TIM7_IRQHandler
                0x0800230c                CAN2_TX_IRQHandler
                0x0800230c                TIM5_IRQHandler
                0x0800230c                DMA2_Stream7_IRQHandler
                0x0800230c                I2C3_EV_IRQHandler
                0x0800230c                EXTI9_5_IRQHandler
                0x0800230c                RTC_WKUP_IRQHandler
                0x0800230c                ETH_WKUP_IRQHandler
                0x0800230c                SPI2_IRQHandler
                0x0800230c                OTG_HS_EP1_IN_IRQHandler
                0x0800230c                MemManage_Handler
                0x0800230c                DMA1_Stream0_IRQHandler
                0x0800230c                CAN1_TX_IRQHandler
                0x0800230c                SVC_Handler
                0x0800230c                EXTI4_IRQHandler
                0x0800230c                FSMC_IRQHandler
                0x0800230c                ETH_IRQHandler
                0x0800230c                OTG_HS_EP1_OUT_IRQHandler
                0x0800230c                WWDG_IRQHandler
                0x0800230c                TIM2_IRQHandler
                0x0800230c                OTG_FS_WKUP_IRQHandler
                0x0800230c                TIM1_TRG_COM_TIM11_IRQHandler
                0x0800230c                OTG_HS_IRQHandler
                0x0800230c                EXTI1_IRQHandler
                0x0800230c                USART2_IRQHandler
                0x0800230c                I2C2_ER_IRQHandler
                0x0800230c                DMA2_Stream1_IRQHandler
                0x0800230c                CAN1_SCE_IRQHandler
                0x0800230c                FLASH_IRQHandler
                0x0800230c                DMA2_Stream4_IRQHandler
                0x0800230c                BusFault_Handler
                0x0800230c                USART1_IRQHandler
                0x0800230c                OTG_FS_IRQHandler
                0x0800230c                SPI3_IRQHandler
                0x0800230c                DMA1_Stream4_IRQHandler
                0x0800230c                I2C1_ER_IRQHandler
                0x0800230c                DMA2_Stream6_IRQHandler
                0x0800230c                DMA1_Stream3_IRQHandler
 *fill*         0x0800230e        0x2 
 .text.__libc_init_array
                0x08002310       0x50 /home/franco/Ac6/SystemWorkbench/plugins/fr.ac6.mcu.externaltools.arm-none.linux64_1.13.1.201705091103/tools/compiler/bin/../lib/gcc/arm-none-eabi/5.4.1/../../../../arm-none-eabi/lib/armv7e-m/fpu/libc.a(lib_a-init.o)
                0x08002310                __libc_init_array
 .text.startup.register_fini
                0x08002360       0x14 /home/franco/Ac6/SystemWorkbench/plugins/fr.ac6.mcu.externaltools.arm-none.linux64_1.13.1.201705091103/tools/compiler/bin/../lib/gcc/arm-none-eabi/5.4.1/../../../../arm-none-eabi/lib/armv7e-m/fpu/libc.a(lib_a-__call_atexit.o)
 .text.atexit   0x08002374        0xc /home/franco/Ac6/SystemWorkbench/plugins/fr.ac6.mcu.externaltools.arm-none.linux64_1.13.1.201705091103/tools/compiler/bin/../lib/gcc/arm-none-eabi/5.4.1/../../../../arm-none-eabi/lib/armv7e-m/fpu/libc.a(lib_a-atexit.o)
                0x08002374                atexit
 .text.__libc_fini_array
                0x08002380       0x28 /home/franco/Ac6/SystemWorkbench/plugins/fr.ac6.mcu.externaltools.arm-none.linux64_1.13.1.201705091103/tools/compiler/bin/../lib/gcc/arm-none-eabi/5.4.1/../../../../arm-none-eabi/lib/armv7e-m/fpu/libc.a(lib_a-fini.o)
                0x08002380                __libc_fini_array
 .text.__register_exitproc
                0x080023a8       0xa4 /home/franco/Ac6/SystemWorkbench/plugins/fr.ac6.mcu.externaltools.arm-none.linux64_1.13.1.201705091103/tools/compiler/bin/../lib/gcc/arm-none-eabi/5.4.1/../../../../arm-none-eabi/lib/armv7e-m/fpu/libc.a(lib_a-__atexit.o)
                0x080023a8                __register_exitproc
 *(.rodata)
 .rodata        0x0800244c     0x2307 src/synth_tables.o
                0x0800244c                wave_sine
                0x0800444c                qstep
                0x08004588                switchbox
 *(.rodata*)
 *fill*         0x08004753        0x1 
 .rodata._global_impure_ptr
                0x08004754        0x4 /home/franco/Ac6/SystemWorkbench/plugins/fr.ac6.mcu.externaltools.arm-none.linux64_1.13.1.201705091103/tools/compiler/bin/../lib/gcc/arm-none-eabi/5.4.1/../../../../arm-none-eabi/lib/armv7e-m/fpu/libc.a(lib_a-impure.o)
                0x08004754                _global_impure_ptr
 *(.glue_7)
 .glue_7        0x08004758        0x0 linker stubs
 *(.glue_7t)
 .glue_7t       0x08004758        0x0 linker stubs
 *(.eh_frame)
 .eh_frame      0x08004758        0x0 /home/franco/Ac6/SystemWorkbench/plugins/fr.ac6.mcu.externaltools.arm-none.linux64_1.13.1.201705091103/tools/compiler/bin/../lib/gcc/arm-none-eabi/5.4.1/armv7e-m/fpu/crtbegin.o
 *(.init)
 .init          0x08004758        0x4 /home/franco/Ac6/SystemWorkbench/plugins/fr.ac6.mcu.externaltools.arm-none.linux64_1.13.1.201705091103/tools/compiler/bin/../lib/gcc/arm-none-eabi/5.4.1/armv7e-m/fpu/crti.o
                0x08004758                _init
 .init          0x0800475c        0x8 /home/franco/Ac6/SystemWorkbench/plugins/fr.ac6.mcu.externaltools.arm-none.linux64_1.13.1.201705091103/tools/compiler/bin/../lib/gcc/arm-none-eabi/5.4.1/armv7e-m/fpu/crtn.o
 *(.fini)
 .fini          0x08004764        0x4 /home/franco/Ac6/SystemWorkbench/plugins/fr.ac6.mcu.externaltools.arm-none.linux64_1.13.1.201705091103/tools/compiler/bin/../lib/gcc/arm-none-eabi/5.4.1/armv7e-m/fpu/crti.o
                0x08004764                _fini
 .fini          0x08004768        0x8 /home/franco/Ac6/SystemWorkbench/plugins/fr.ac6.mcu.externaltools.arm-none.linux64_1.13.1.201705091103/tools/compiler/bin/../lib/gcc/arm-none-eabi/5.4.1/armv7e-m/fpu/crtn.o
                0x08004770                . = ALIGN (0x4)
                0x08004770                _etext = .

.vfp11_veneer   0x08004770        0x0
 .vfp11_veneer  0x08004770        0x0 linker stubs

.v4_bx          0x08004770        0x0
 .v4_bx         0x08004770        0x0 linker stubs

.iplt           0x08004770        0x0
 .iplt          0x08004770        0x0 /home/franco/Ac6/SystemWorkbench/plugins/fr.ac6.mcu.externaltools.arm-none.linux64_1.13.1.201705091103/tools/compiler/bin/../lib/gcc/arm-none-eabi/5.4.1/armv7e-m/fpu/crtbegin.o

.rel.dyn        0x08004770        0x0
 .rel.iplt      0x08004770        0x0 /home/franco/Ac6/SystemWorkbench/plugins/fr.ac6.mcu.externaltools.arm-none.linux64_1.13.1.201705091103/tools/compiler/bin/../lib/gcc/arm-none-eabi/5.4.1/armv7e-m/fpu/crtbegin.o

.ARM.extab
 *(.ARM.extab* .gnu.linkonce.armextab.*)

.ARM            0x08004770        0x0
                0x08004770                __exidx_start = .
 *(.ARM.exidx*)
                0x08004770                __exidx_end = .

.preinit_array  0x08004770        0x0
                0x08004770                PROVIDE (__preinit_array_start, .)
 *(.preinit_array*)
                0x08004770                PROVIDE (__preinit_array_end, .)

.init_array     0x08004770        0x8
                0x08004770                PROVIDE (__init_array_start, .)
 *(SORT(.init_array.*))
 .init_array.00000
                0x08004770        0x4 /home/franco/Ac6/SystemWorkbench/plugins/fr.ac6.mcu.externaltools.arm-none.linux64_1.13.1.201705091103/tools/compiler/bin/../lib/gcc/arm-none-eabi/5.4.1/../../../../arm-none-eabi/lib/armv7e-m/fpu/libc.a(lib_a-__call_atexit.o)
 *(.init_array*)
 .init_array    0x08004774        0x4 /home/franco/Ac6/SystemWorkbench/plugins/fr.ac6.mcu.externaltools.arm-none.linux64_1.13.1.201705091103/tools/compiler/bin/../lib/gcc/arm-none-eabi/5.4.1/armv7e-m/fpu/crtbegin.o
                0x08004778                PROVIDE (__init_array_end, .)

.fini_array     0x08004778        0x4
                0x08004778                PROVIDE (__fini_array_start, .)
 *(.fini_array*)
 .fini_array    0x08004778        0x4 /home/franco/Ac6/SystemWorkbench/plugins/fr.ac6.mcu.externaltools.arm-none.linux64_1.13.1.201705091103/tools/compiler/bin/../lib/gcc/arm-none-eabi/5.4.1/armv7e-m/fpu/crtbegin.o
 *(SORT(.fini_array.*))
                0x0800477c                PROVIDE (__fini_array_end, .)
                0x0800477c                _sidata = .

.data           0x20000000      0x438 load address 0x0800477c
                0x20000000                . = ALIGN (0x4)
                0x20000000                _sdata = .
 *(.data)
 .data          0x20000000       0x10 StdPeriph_Driver/src/stm32f4xx_rcc.o
 *(.data*)
 .data.impure_data
                0x20000010      0x428 /home/franco/Ac6/SystemWorkbench/plugins/fr.ac6.mcu.externaltools.arm-none.linux64_1.13.1.201705091103/tools/compiler/bin/../lib/gcc/arm-none-eabi/5.4.1/../../../../arm-none-eabi/lib/armv7e-m/fpu/libc.a(lib_a-impure.o)
                0x20000438                . = ALIGN (0x4)
                0x20000438                _edata = .

.jcr            0x20000438        0x0 load address 0x08004bb4
 .jcr           0x20000438        0x0 /home/franco/Ac6/SystemWorkbench/plugins/fr.ac6.mcu.externaltools.arm-none.linux64_1.13.1.201705091103/tools/compiler/bin/../lib/gcc/arm-none-eabi/5.4.1/armv7e-m/fpu/crtbegin.o

.igot.plt       0x20000438        0x0 load address 0x08004bb4
 .igot.plt      0x20000438        0x0 /home/franco/Ac6/SystemWorkbench/plugins/fr.ac6.mcu.externaltools.arm-none.linux64_1.13.1.201705091103/tools/compiler/bin/../lib/gcc/arm-none-eabi/5.4.1/armv7e-m/fpu/crtbegin.o
                0x20000438                . = ALIGN (0x4)

.bss            0x20000438      0x4c0 load address 0x08004bb4
                0x20000438                _sbss = .
                0x20000438                __bss_start__ = _sbss
 *(.bss)
 .bss           0x20000438       0x1c /home/franco/Ac6/SystemWorkbench/plugins/fr.ac6.mcu.externaltools.arm-none.linux64_1.13.1.201705091103/tools/compiler/bin/../lib/gcc/arm-none-eabi/5.4.1/armv7e-m/fpu/crtbegin.o
 *(.bss*)
 *(COMMON)
 COMMON         0x20000454        0x4 src/boot.o
                0x20000454                sys_DACcurrent
 COMMON         0x20000458       0x94 src/main.o
                0x20000458                sys_DACbuffer1
                0x20000498                sys_TXbuff
                0x200004a8                sys_sampleSent
                0x200004aa                sys_bufferPending
                0x200004ab                sys_bufferCrash
                0x200004ac                sys_DACbuffer0
 COMMON         0x200004ec      0x204 src/midi.o
                0x200004ec                MIDI_buffer
                0x200006ec                runningStatus
                0x200006ee                MIDI_lastPos
 COMMON         0x200006f0       0x10 src/synth.o
                0x200006f0                synth_sample
                0x200006f2                synth_command
                0x200006f4                synth_q16q8ampAcc
                0x200006f8                MIDI_dataRcv
                0x200006fa                synth_sampleReady
                0x200006fc                MIDI_command
                0x200006fd                estadoBuffer
                0x200006fe                synth_activeNotes
 COMMON         0x20000700      0x1f8 src/synth_tables.o
                0x20000700                q12q16phaseTable
                0x2000083c                synth_Drawbars
                0x20000848                q4q8ampTable
                0x200008e8                MIDI_activeTable
                0x200008f8                . = ALIGN (0x4)
                0x200008f8                _ebss = .
                0x200008f8                __bss_end__ = _ebss

._user_heap_stack
                0x200008f8      0x400 load address 0x08005074
                0x200008f8                . = ALIGN (0x8)
                0x200008f8                PROVIDE (end, .)
                [!provide]                PROVIDE (_end, .)
                0x200008f8                . = (. + _Min_Heap_Size)
                0x20000cf8                . = (. + _Min_Stack_Size)
 *fill*         0x200008f8      0x400 
                0x20000cf8                . = ALIGN (0x8)

.memory_b1_text
 *(.mb1text)
 *(.mb1text*)
 *(.mb1rodata)
 *(.mb1rodata*)

/DISCARD/
 libc.a(*)
 libm.a(*)
 libgcc.a(*)

.ARM.attributes
                0x00000000       0x30
 *(.ARM.attributes)
 .ARM.attributes
                0x00000000       0x22 /home/franco/Ac6/SystemWorkbench/plugins/fr.ac6.mcu.externaltools.arm-none.linux64_1.13.1.201705091103/tools/compiler/bin/../lib/gcc/arm-none-eabi/5.4.1/armv7e-m/fpu/crti.o
 .ARM.attributes
                0x00000022       0x34 /home/franco/Ac6/SystemWorkbench/plugins/fr.ac6.mcu.externaltools.arm-none.linux64_1.13.1.201705091103/tools/compiler/bin/../lib/gcc/arm-none-eabi/5.4.1/armv7e-m/fpu/crtbegin.o
 .ARM.attributes
                0x00000056       0x39 StdPeriph_Driver/src/misc.o
 .ARM.attributes
                0x0000008f       0x39 StdPeriph_Driver/src/stm32f4xx_adc.o
 .ARM.attributes
                0x000000c8       0x39 StdPeriph_Driver/src/stm32f4xx_dac.o
 .ARM.attributes
                0x00000101       0x39 StdPeriph_Driver/src/stm32f4xx_dma.o
 .ARM.attributes
                0x0000013a       0x39 StdPeriph_Driver/src/stm32f4xx_exti.o
 .ARM.attributes
                0x00000173       0x39 StdPeriph_Driver/src/stm32f4xx_gpio.o
 .ARM.attributes
                0x000001ac       0x39 StdPeriph_Driver/src/stm32f4xx_rcc.o
 .ARM.attributes
                0x000001e5       0x39 StdPeriph_Driver/src/stm32f4xx_syscfg.o
 .ARM.attributes
                0x0000021e       0x39 StdPeriph_Driver/src/stm32f4xx_tim.o
 .ARM.attributes
                0x00000257       0x39 StdPeriph_Driver/src/stm32f4xx_usart.o
 .ARM.attributes
                0x00000290       0x39 src/boot.o
 .ARM.attributes
                0x000002c9       0x39 src/main.o
 .ARM.attributes
                0x00000302       0x39 src/midi.o
 .ARM.attributes
                0x0000033b       0x39 src/synth.o
 .ARM.attributes
                0x00000374       0x39 src/synth_tables.o
 .ARM.attributes
                0x000003ad       0x39 src/system_stm32f4xx.o
 .ARM.attributes
                0x000003e6       0x39 src/timer.o
 .ARM.attributes
                0x0000041f       0x21 startup/startup_stm32f4xx.o
 .ARM.attributes
                0x00000440       0x34 /home/franco/Ac6/SystemWorkbench/plugins/fr.ac6.mcu.externaltools.arm-none.linux64_1.13.1.201705091103/tools/compiler/bin/../lib/gcc/arm-none-eabi/5.4.1/../../../../arm-none-eabi/lib/armv7e-m/fpu/libc.a(lib_a-impure.o)
 .ARM.attributes
                0x00000474       0x34 /home/franco/Ac6/SystemWorkbench/plugins/fr.ac6.mcu.externaltools.arm-none.linux64_1.13.1.201705091103/tools/compiler/bin/../lib/gcc/arm-none-eabi/5.4.1/../../../../arm-none-eabi/lib/armv7e-m/fpu/libc.a(lib_a-init.o)
 .ARM.attributes
                0x000004a8       0x34 /home/franco/Ac6/SystemWorkbench/plugins/fr.ac6.mcu.externaltools.arm-none.linux64_1.13.1.201705091103/tools/compiler/bin/../lib/gcc/arm-none-eabi/5.4.1/../../../../arm-none-eabi/lib/armv7e-m/fpu/libc.a(lib_a-__call_atexit.o)
 .ARM.attributes
                0x000004dc       0x34 /home/franco/Ac6/SystemWorkbench/plugins/fr.ac6.mcu.externaltools.arm-none.linux64_1.13.1.201705091103/tools/compiler/bin/../lib/gcc/arm-none-eabi/5.4.1/../../../../arm-none-eabi/lib/armv7e-m/fpu/libc.a(lib_a-atexit.o)
 .ARM.attributes
                0x00000510       0x34 /home/franco/Ac6/SystemWorkbench/plugins/fr.ac6.mcu.externaltools.arm-none.linux64_1.13.1.201705091103/tools/compiler/bin/../lib/gcc/arm-none-eabi/5.4.1/../../../../arm-none-eabi/lib/armv7e-m/fpu/libc.a(lib_a-fini.o)
 .ARM.attributes
                0x00000544       0x34 /home/franco/Ac6/SystemWorkbench/plugins/fr.ac6.mcu.externaltools.arm-none.linux64_1.13.1.201705091103/tools/compiler/bin/../lib/gcc/arm-none-eabi/5.4.1/../../../../arm-none-eabi/lib/armv7e-m/fpu/libc.a(lib_a-__atexit.o)
 .ARM.attributes
                0x00000578       0x22 /home/franco/Ac6/SystemWorkbench/plugins/fr.ac6.mcu.externaltools.arm-none.linux64_1.13.1.201705091103/tools/compiler/bin/../lib/gcc/arm-none-eabi/5.4.1/armv7e-m/fpu/crtn.o
OUTPUT(trankasynth.elf elf32-littlearm)

.debug_info     0x00000000     0x85b9
 .debug_info    0x00000000      0x55e StdPeriph_Driver/src/misc.o
 .debug_info    0x0000055e      0xc48 StdPeriph_Driver/src/stm32f4xx_adc.o
 .debug_info    0x000011a6      0x64a StdPeriph_Driver/src/stm32f4xx_dac.o
 .debug_info    0x000017f0      0x749 StdPeriph_Driver/src/stm32f4xx_dma.o
 .debug_info    0x00001f39      0x35f StdPeriph_Driver/src/stm32f4xx_exti.o
 .debug_info    0x00002298      0x622 StdPeriph_Driver/src/stm32f4xx_gpio.o
 .debug_info    0x000028ba      0xc6b StdPeriph_Driver/src/stm32f4xx_rcc.o
 .debug_info    0x00003525      0x27c StdPeriph_Driver/src/stm32f4xx_syscfg.o
 .debug_info    0x000037a1     0x1c71 StdPeriph_Driver/src/stm32f4xx_tim.o
 .debug_info    0x00005412      0x9d2 StdPeriph_Driver/src/stm32f4xx_usart.o
 .debug_info    0x00005de4      0xacc src/boot.o
 .debug_info    0x000068b0      0x1cb src/main.o
 .debug_info    0x00006a7b      0x64b src/midi.o
 .debug_info    0x000070c6      0x892 src/synth.o
 .debug_info    0x00007958      0x22e src/synth_tables.o
 .debug_info    0x00007b86      0x5cd src/system_stm32f4xx.o
 .debug_info    0x00008153      0x3e9 src/timer.o
 .debug_info    0x0000853c       0x7d startup/startup_stm32f4xx.o

.debug_abbrev   0x00000000     0x1896
 .debug_abbrev  0x00000000      0x14c StdPeriph_Driver/src/misc.o
 .debug_abbrev  0x0000014c      0x19d StdPeriph_Driver/src/stm32f4xx_adc.o
 .debug_abbrev  0x000002e9      0x183 StdPeriph_Driver/src/stm32f4xx_dac.o
 .debug_abbrev  0x0000046c      0x15c StdPeriph_Driver/src/stm32f4xx_dma.o
 .debug_abbrev  0x000005c8      0x1ae StdPeriph_Driver/src/stm32f4xx_exti.o
 .debug_abbrev  0x00000776      0x1ac StdPeriph_Driver/src/stm32f4xx_gpio.o
 .debug_abbrev  0x00000922      0x1ea StdPeriph_Driver/src/stm32f4xx_rcc.o
 .debug_abbrev  0x00000b0c      0x138 StdPeriph_Driver/src/stm32f4xx_syscfg.o
 .debug_abbrev  0x00000c44      0x18e StdPeriph_Driver/src/stm32f4xx_tim.o
 .debug_abbrev  0x00000dd2      0x15c StdPeriph_Driver/src/stm32f4xx_usart.o
 .debug_abbrev  0x00000f2e      0x1a6 src/boot.o
 .debug_abbrev  0x000010d4       0xf1 src/main.o
 .debug_abbrev  0x000011c5      0x17b src/midi.o
 .debug_abbrev  0x00001340      0x239 src/synth.o
 .debug_abbrev  0x00001579       0x9b src/synth_tables.o
 .debug_abbrev  0x00001614      0x13d src/system_stm32f4xx.o
 .debug_abbrev  0x00001751      0x133 src/timer.o
 .debug_abbrev  0x00001884       0x12 startup/startup_stm32f4xx.o

.debug_aranges  0x00000000      0xb18
 .debug_aranges
                0x00000000       0x40 StdPeriph_Driver/src/misc.o
 .debug_aranges
                0x00000040      0x148 StdPeriph_Driver/src/stm32f4xx_adc.o
 .debug_aranges
                0x00000188       0xa0 StdPeriph_Driver/src/stm32f4xx_dac.o
 .debug_aranges
                0x00000228       0xb0 StdPeriph_Driver/src/stm32f4xx_dma.o
 .debug_aranges
                0x000002d8       0x58 StdPeriph_Driver/src/stm32f4xx_exti.o
 .debug_aranges
                0x00000330       0x88 StdPeriph_Driver/src/stm32f4xx_gpio.o
 .debug_aranges
                0x000003b8      0x178 StdPeriph_Driver/src/stm32f4xx_rcc.o
 .debug_aranges
                0x00000530       0x48 StdPeriph_Driver/src/stm32f4xx_syscfg.o
 .debug_aranges
                0x00000578      0x2f8 StdPeriph_Driver/src/stm32f4xx_tim.o
 .debug_aranges
                0x00000870      0x100 StdPeriph_Driver/src/stm32f4xx_usart.o
 .debug_aranges
                0x00000970       0x48 src/boot.o
 .debug_aranges
                0x000009b8       0x20 src/main.o
 .debug_aranges
                0x000009d8       0x30 src/midi.o
 .debug_aranges
                0x00000a08       0x60 src/synth.o
 .debug_aranges
                0x00000a68       0x18 src/synth_tables.o
 .debug_aranges
                0x00000a80       0x30 src/system_stm32f4xx.o
 .debug_aranges
                0x00000ab0       0x40 src/timer.o
 .debug_aranges
                0x00000af0       0x28 startup/startup_stm32f4xx.o

.debug_ranges   0x00000000      0x9f8
 .debug_ranges  0x00000000       0x30 StdPeriph_Driver/src/misc.o
 .debug_ranges  0x00000030      0x138 StdPeriph_Driver/src/stm32f4xx_adc.o
 .debug_ranges  0x00000168       0x90 StdPeriph_Driver/src/stm32f4xx_dac.o
 .debug_ranges  0x000001f8       0xa0 StdPeriph_Driver/src/stm32f4xx_dma.o
 .debug_ranges  0x00000298       0x48 StdPeriph_Driver/src/stm32f4xx_exti.o
 .debug_ranges  0x000002e0       0x78 StdPeriph_Driver/src/stm32f4xx_gpio.o
 .debug_ranges  0x00000358      0x168 StdPeriph_Driver/src/stm32f4xx_rcc.o
 .debug_ranges  0x000004c0       0x38 StdPeriph_Driver/src/stm32f4xx_syscfg.o
 .debug_ranges  0x000004f8      0x2e8 StdPeriph_Driver/src/stm32f4xx_tim.o
 .debug_ranges  0x000007e0       0xf0 StdPeriph_Driver/src/stm32f4xx_usart.o
 .debug_ranges  0x000008d0       0x38 src/boot.o
 .debug_ranges  0x00000908       0x10 src/main.o
 .debug_ranges  0x00000918       0x20 src/midi.o
 .debug_ranges  0x00000938       0x50 src/synth.o
 .debug_ranges  0x00000988       0x20 src/system_stm32f4xx.o
 .debug_ranges  0x000009a8       0x30 src/timer.o
 .debug_ranges  0x000009d8       0x20 startup/startup_stm32f4xx.o

.debug_macro    0x00000000    0x12613
 .debug_macro   0x00000000      0x1c5 StdPeriph_Driver/src/misc.o
 .debug_macro   0x000001c5      0x8b0 StdPeriph_Driver/src/misc.o
 .debug_macro   0x00000a75       0x63 StdPeriph_Driver/src/misc.o
 .debug_macro   0x00000ad8       0x35 StdPeriph_Driver/src/misc.o
 .debug_macro   0x00000b0d       0x22 StdPeriph_Driver/src/misc.o
 .debug_macro   0x00000b2f       0x87 StdPeriph_Driver/src/misc.o
 .debug_macro   0x00000bb6       0x44 StdPeriph_Driver/src/misc.o
 .debug_macro   0x00000bfa       0xfd StdPeriph_Driver/src/misc.o
 .debug_macro   0x00000cf7       0x5e StdPeriph_Driver/src/misc.o
 .debug_macro   0x00000d55      0x1df StdPeriph_Driver/src/misc.o
 .debug_macro   0x00000f34       0x18 StdPeriph_Driver/src/misc.o
 .debug_macro   0x00000f4c       0x42 StdPeriph_Driver/src/misc.o
 .debug_macro   0x00000f8e      0x8cb StdPeriph_Driver/src/misc.o
 .debug_macro   0x00001859     0x8057 StdPeriph_Driver/src/misc.o
 .debug_macro   0x000098b0       0x16 StdPeriph_Driver/src/misc.o
 .debug_macro   0x000098c6      0x44e StdPeriph_Driver/src/misc.o
 .debug_macro   0x00009d14      0x3cf StdPeriph_Driver/src/misc.o
 .debug_macro   0x0000a0e3      0x111 StdPeriph_Driver/src/misc.o
 .debug_macro   0x0000a1f4      0x182 StdPeriph_Driver/src/misc.o
 .debug_macro   0x0000a376       0xb2 StdPeriph_Driver/src/misc.o
 .debug_macro   0x0000a428      0x146 StdPeriph_Driver/src/misc.o
 .debug_macro   0x0000a56e      0x477 StdPeriph_Driver/src/misc.o
 .debug_macro   0x0000a9e5       0xac StdPeriph_Driver/src/misc.o
 .debug_macro   0x0000aa91      0x241 StdPeriph_Driver/src/misc.o
 .debug_macro   0x0000acd2      0x279 StdPeriph_Driver/src/misc.o
 .debug_macro   0x0000af4b       0xb5 StdPeriph_Driver/src/misc.o
 .debug_macro   0x0000b000      0x265 StdPeriph_Driver/src/misc.o
 .debug_macro   0x0000b265      0x2b1 StdPeriph_Driver/src/misc.o
 .debug_macro   0x0000b516       0x64 StdPeriph_Driver/src/misc.o
 .debug_macro   0x0000b57a       0xa6 StdPeriph_Driver/src/misc.o
 .debug_macro   0x0000b620      0x538 StdPeriph_Driver/src/misc.o
 .debug_macro   0x0000bb58       0x40 StdPeriph_Driver/src/misc.o
 .debug_macro   0x0000bb98      0x57a StdPeriph_Driver/src/misc.o
 .debug_macro   0x0000c112      0x341 StdPeriph_Driver/src/misc.o
 .debug_macro   0x0000c453      0x36a StdPeriph_Driver/src/misc.o
 .debug_macro   0x0000c7bd       0xdf StdPeriph_Driver/src/misc.o
 .debug_macro   0x0000c89c      0x73b StdPeriph_Driver/src/misc.o
 .debug_macro   0x0000cfd7      0x220 StdPeriph_Driver/src/misc.o
 .debug_macro   0x0000d1f7       0x34 StdPeriph_Driver/src/misc.o
 .debug_macro   0x0000d22b       0x35 StdPeriph_Driver/src/misc.o
 .debug_macro   0x0000d260       0x79 StdPeriph_Driver/src/misc.o
 .debug_macro   0x0000d2d9      0x24a StdPeriph_Driver/src/stm32f4xx_adc.o
 .debug_macro   0x0000d523      0x3c9 StdPeriph_Driver/src/stm32f4xx_adc.o
 .debug_macro   0x0000d8ec       0x7f StdPeriph_Driver/src/stm32f4xx_adc.o
 .debug_macro   0x0000d96b      0x1f4 StdPeriph_Driver/src/stm32f4xx_dac.o
 .debug_macro   0x0000db5f      0x17c StdPeriph_Driver/src/stm32f4xx_dac.o
 .debug_macro   0x0000dcdb      0x217 StdPeriph_Driver/src/stm32f4xx_dma.o
 .debug_macro   0x0000def2      0x471 StdPeriph_Driver/src/stm32f4xx_dma.o
 .debug_macro   0x0000e363      0x1c5 StdPeriph_Driver/src/stm32f4xx_exti.o
 .debug_macro   0x0000e528       0xa6 StdPeriph_Driver/src/stm32f4xx_exti.o
 .debug_macro   0x0000e5ce      0x1c3 StdPeriph_Driver/src/stm32f4xx_gpio.o
 .debug_macro   0x0000e791      0x25f StdPeriph_Driver/src/stm32f4xx_gpio.o
 .debug_macro   0x0000e9f0      0x267 StdPeriph_Driver/src/stm32f4xx_rcc.o
 .debug_macro   0x0000ec57      0x532 StdPeriph_Driver/src/stm32f4xx_rcc.o
 .debug_macro   0x0000f189      0x1ed StdPeriph_Driver/src/stm32f4xx_syscfg.o
 .debug_macro   0x0000f376       0xd9 StdPeriph_Driver/src/stm32f4xx_syscfg.o
 .debug_macro   0x0000f44f      0x1ed StdPeriph_Driver/src/stm32f4xx_tim.o
 .debug_macro   0x0000f63c      0x735 StdPeriph_Driver/src/stm32f4xx_tim.o
 .debug_macro   0x0000fd71      0x1db StdPeriph_Driver/src/stm32f4xx_usart.o
 .debug_macro   0x0000ff4c      0x21a StdPeriph_Driver/src/stm32f4xx_usart.o
 .debug_macro   0x00010166      0x371 src/boot.o
 .debug_macro   0x000104d7       0x52 src/boot.o
 .debug_macro   0x00010529       0x35 src/boot.o
 .debug_macro   0x0001055e       0x9c src/boot.o
 .debug_macro   0x000105fa      0x174 src/boot.o
 .debug_macro   0x0001076e       0x52 src/boot.o
 .debug_macro   0x000107c0       0x1f src/boot.o
 .debug_macro   0x000107df       0x43 src/boot.o
 .debug_macro   0x00010822       0x20 src/boot.o
 .debug_macro   0x00010842      0x187 src/boot.o
 .debug_macro   0x000109c9      0x30d src/boot.o
 .debug_macro   0x00010cd6      0x1e1 src/boot.o
 .debug_macro   0x00010eb7       0x1c src/boot.o
 .debug_macro   0x00010ed3       0x35 src/boot.o
 .debug_macro   0x00010f08       0x10 src/boot.o
 .debug_macro   0x00010f18       0x10 src/boot.o
 .debug_macro   0x00010f28       0x1c src/boot.o
 .debug_macro   0x00010f44       0x52 src/boot.o
 .debug_macro   0x00010f96       0x40 src/boot.o
 .debug_macro   0x00010fd6       0x10 src/boot.o
 .debug_macro   0x00010fe6       0x40 src/boot.o
 .debug_macro   0x00011026       0xd7 src/boot.o
 .debug_macro   0x000110fd       0x16 src/boot.o
 .debug_macro   0x00011113      0x18b src/boot.o
 .debug_macro   0x0001129e       0x16 src/boot.o
 .debug_macro   0x000112b4       0x4c src/boot.o
 .debug_macro   0x00011300      0x371 src/main.o
 .debug_macro   0x00011671      0x371 src/midi.o
 .debug_macro   0x000119e2      0x371 src/synth.o
 .debug_macro   0x00011d53      0x377 src/synth_tables.o
 .debug_macro   0x000120ca      0x1d8 src/system_stm32f4xx.o
 .debug_macro   0x000122a2      0x371 src/timer.o

.debug_line     0x00000000     0x9241
 .debug_line    0x00000000      0x6a1 StdPeriph_Driver/src/misc.o
 .debug_line    0x000006a1      0x9b7 StdPeriph_Driver/src/stm32f4xx_adc.o
 .debug_line    0x00001058      0x7ac StdPeriph_Driver/src/stm32f4xx_dac.o
 .debug_line    0x00001804      0x884 StdPeriph_Driver/src/stm32f4xx_dma.o
 .debug_line    0x00002088      0x6fa StdPeriph_Driver/src/stm32f4xx_exti.o
 .debug_line    0x00002782      0x7b9 StdPeriph_Driver/src/stm32f4xx_gpio.o
 .debug_line    0x00002f3b      0x9ff StdPeriph_Driver/src/stm32f4xx_rcc.o
 .debug_line    0x0000393a      0x6b2 StdPeriph_Driver/src/stm32f4xx_syscfg.o
 .debug_line    0x00003fec      0xf1b StdPeriph_Driver/src/stm32f4xx_tim.o
 .debug_line    0x00004f07      0x8fe StdPeriph_Driver/src/stm32f4xx_usart.o
 .debug_line    0x00005805      0x8ce src/boot.o
 .debug_line    0x000060d3      0x7f6 src/main.o
 .debug_line    0x000068c9      0x8a6 src/midi.o
 .debug_line    0x0000716f      0x970 src/synth.o
 .debug_line    0x00007adf      0x7e7 src/synth_tables.o
 .debug_line    0x000082c6      0x6b1 src/system_stm32f4xx.o
 .debug_line    0x00008977      0x84f src/timer.o
 .debug_line    0x000091c6       0x7b startup/startup_stm32f4xx.o

.debug_str      0x00000000    0x5e537
 .debug_str     0x00000000    0x55ef4 StdPeriph_Driver/src/misc.o
                              0x5609d (size before relaxing)
 .debug_str     0x00055ef4      0x91f StdPeriph_Driver/src/stm32f4xx_adc.o
                              0x5678c (size before relaxing)
 .debug_str     0x00056813      0x366 StdPeriph_Driver/src/stm32f4xx_dac.o
                              0x56201 (size before relaxing)
 .debug_str     0x00056b79      0x685 StdPeriph_Driver/src/stm32f4xx_dma.o
                              0x56503 (size before relaxing)
 .debug_str     0x000571fe      0x1ce StdPeriph_Driver/src/stm32f4xx_exti.o
                              0x56020 (size before relaxing)
 .debug_str     0x000573cc      0x2f4 StdPeriph_Driver/src/stm32f4xx_gpio.o
                              0x56148 (size before relaxing)
 .debug_str     0x000576c0      0xafc StdPeriph_Driver/src/stm32f4xx_rcc.o
                              0x569c9 (size before relaxing)
 .debug_str     0x000581bc      0x2a2 StdPeriph_Driver/src/stm32f4xx_syscfg.o
                              0x560f9 (size before relaxing)
 .debug_str     0x0005845e      0xc2f StdPeriph_Driver/src/stm32f4xx_tim.o
                              0x56b3c (size before relaxing)
 .debug_str     0x0005908d      0x533 StdPeriph_Driver/src/stm32f4xx_usart.o
                              0x56458 (size before relaxing)
 .debug_str     0x000595c0     0x4ac9 src/boot.o
                              0x5af3d (size before relaxing)
 .debug_str     0x0005e089       0x64 src/main.o
                              0x5a3d1 (size before relaxing)
 .debug_str     0x0005e0ed       0xcd src/midi.o
                              0x5a7d1 (size before relaxing)
 .debug_str     0x0005e1ba      0x218 src/synth.o
                              0x5a78e (size before relaxing)
 .debug_str     0x0005e3d2       0x16 src/synth_tables.o
                              0x5a3e4 (size before relaxing)
 .debug_str     0x0005e3e8       0xcf src/system_stm32f4xx.o
                              0x5607b (size before relaxing)
 .debug_str     0x0005e4b7       0x80 src/timer.o
                              0x5a53c (size before relaxing)

.comment        0x00000000       0x6e
 .comment       0x00000000       0x6e StdPeriph_Driver/src/misc.o
                                 0x6f (size before relaxing)
 .comment       0x0000006e       0x6f StdPeriph_Driver/src/stm32f4xx_adc.o
 .comment       0x0000006e       0x6f StdPeriph_Driver/src/stm32f4xx_dac.o
 .comment       0x0000006e       0x6f StdPeriph_Driver/src/stm32f4xx_dma.o
 .comment       0x0000006e       0x6f StdPeriph_Driver/src/stm32f4xx_exti.o
 .comment       0x0000006e       0x6f StdPeriph_Driver/src/stm32f4xx_gpio.o
 .comment       0x0000006e       0x6f StdPeriph_Driver/src/stm32f4xx_rcc.o
 .comment       0x0000006e       0x6f StdPeriph_Driver/src/stm32f4xx_syscfg.o
 .comment       0x0000006e       0x6f StdPeriph_Driver/src/stm32f4xx_tim.o
 .comment       0x0000006e       0x6f StdPeriph_Driver/src/stm32f4xx_usart.o
 .comment       0x0000006e       0x6f src/boot.o
 .comment       0x0000006e       0x6f src/main.o
 .comment       0x0000006e       0x6f src/midi.o
 .comment       0x0000006e       0x6f src/synth.o
 .comment       0x0000006e       0x6f src/synth_tables.o
 .comment       0x0000006e       0x6f src/system_stm32f4xx.o
 .comment       0x0000006e       0x6f src/timer.o

.debug_frame    0x00000000     0x2f98
 .debug_frame   0x00000000       0xd8 StdPeriph_Driver/src/misc.o
 .debug_frame   0x000000d8      0x5ec StdPeriph_Driver/src/stm32f4xx_adc.o
 .debug_frame   0x000006c4      0x2ac StdPeriph_Driver/src/stm32f4xx_dac.o
 .debug_frame   0x00000970      0x308 StdPeriph_Driver/src/stm32f4xx_dma.o
 .debug_frame   0x00000c78      0x148 StdPeriph_Driver/src/stm32f4xx_exti.o
 .debug_frame   0x00000dc0      0x23c StdPeriph_Driver/src/stm32f4xx_gpio.o
 .debug_frame   0x00000ffc      0x6d4 StdPeriph_Driver/src/stm32f4xx_rcc.o
 .debug_frame   0x000016d0       0xf4 StdPeriph_Driver/src/stm32f4xx_syscfg.o
 .debug_frame   0x000017c4      0xe54 StdPeriph_Driver/src/stm32f4xx_tim.o
 .debug_frame   0x00002618      0x490 StdPeriph_Driver/src/stm32f4xx_usart.o
 .debug_frame   0x00002aa8       0xe0 src/boot.o
 .debug_frame   0x00002b88       0x2c src/main.o
 .debug_frame   0x00002bb4       0x78 src/midi.o
 .debug_frame   0x00002c2c      0x144 src/synth.o
 .debug_frame   0x00002d70       0x7c src/system_stm32f4xx.o
 .debug_frame   0x00002dec       0xa8 src/timer.o
 .debug_frame   0x00002e94       0x2c /home/franco/Ac6/SystemWorkbench/plugins/fr.ac6.mcu.externaltools.arm-none.linux64_1.13.1.201705091103/tools/compiler/bin/../lib/gcc/arm-none-eabi/5.4.1/../../../../arm-none-eabi/lib/armv7e-m/fpu/libc.a(lib_a-init.o)
 .debug_frame   0x00002ec0       0x50 /home/franco/Ac6/SystemWorkbench/plugins/fr.ac6.mcu.externaltools.arm-none.linux64_1.13.1.201705091103/tools/compiler/bin/../lib/gcc/arm-none-eabi/5.4.1/../../../../arm-none-eabi/lib/armv7e-m/fpu/libc.a(lib_a-__call_atexit.o)
 .debug_frame   0x00002f10       0x20 /home/franco/Ac6/SystemWorkbench/plugins/fr.ac6.mcu.externaltools.arm-none.linux64_1.13.1.201705091103/tools/compiler/bin/../lib/gcc/arm-none-eabi/5.4.1/../../../../arm-none-eabi/lib/armv7e-m/fpu/libc.a(lib_a-atexit.o)
 .debug_frame   0x00002f30       0x34 /home/franco/Ac6/SystemWorkbench/plugins/fr.ac6.mcu.externaltools.arm-none.linux64_1.13.1.201705091103/tools/compiler/bin/../lib/gcc/arm-none-eabi/5.4.1/../../../../arm-none-eabi/lib/armv7e-m/fpu/libc.a(lib_a-fini.o)
 .debug_frame   0x00002f64       0x34 /home/franco/Ac6/SystemWorkbench/plugins/fr.ac6.mcu.externaltools.arm-none.linux64_1.13.1.201705091103/tools/compiler/bin/../lib/gcc/arm-none-eabi/5.4.1/../../../../arm-none-eabi/lib/armv7e-m/fpu/libc.a(lib_a-__atexit.o)
