Archive member included to satisfy reference by file (symbol)

/home/franco/Ac6/SystemWorkbench/plugins/fr.ac6.mcu.externaltools.arm-none.linux64_1.15.0.201708311556/tools/compiler/bin/../lib/gcc/arm-none-eabi/6.3.1/../../../../arm-none-eabi/lib/thumb/v7e-m/fpv4-sp/hard/libc.a(lib_a-errno.o)
                              src/syscalls.o (__errno)
/home/franco/Ac6/SystemWorkbench/plugins/fr.ac6.mcu.externaltools.arm-none.linux64_1.15.0.201708311556/tools/compiler/bin/../lib/gcc/arm-none-eabi/6.3.1/../../../../arm-none-eabi/lib/thumb/v7e-m/fpv4-sp/hard/libc.a(lib_a-exit.o)
                              /home/franco/Ac6/SystemWorkbench/plugins/fr.ac6.mcu.externaltools.arm-none.linux64_1.15.0.201708311556/tools/compiler/bin/../lib/gcc/arm-none-eabi/6.3.1/../../../../arm-none-eabi/lib/thumb/v7e-m/fpv4-sp/hard/crt0.o (exit)
/home/franco/Ac6/SystemWorkbench/plugins/fr.ac6.mcu.externaltools.arm-none.linux64_1.15.0.201708311556/tools/compiler/bin/../lib/gcc/arm-none-eabi/6.3.1/../../../../arm-none-eabi/lib/thumb/v7e-m/fpv4-sp/hard/libc.a(lib_a-impure.o)
                              /home/franco/Ac6/SystemWorkbench/plugins/fr.ac6.mcu.externaltools.arm-none.linux64_1.15.0.201708311556/tools/compiler/bin/../lib/gcc/arm-none-eabi/6.3.1/../../../../arm-none-eabi/lib/thumb/v7e-m/fpv4-sp/hard/libc.a(lib_a-exit.o) (_global_impure_ptr)
/home/franco/Ac6/SystemWorkbench/plugins/fr.ac6.mcu.externaltools.arm-none.linux64_1.15.0.201708311556/tools/compiler/bin/../lib/gcc/arm-none-eabi/6.3.1/../../../../arm-none-eabi/lib/thumb/v7e-m/fpv4-sp/hard/libc.a(lib_a-init.o)
                              /home/franco/Ac6/SystemWorkbench/plugins/fr.ac6.mcu.externaltools.arm-none.linux64_1.15.0.201708311556/tools/compiler/bin/../lib/gcc/arm-none-eabi/6.3.1/../../../../arm-none-eabi/lib/thumb/v7e-m/fpv4-sp/hard/crt0.o (__libc_init_array)
/home/franco/Ac6/SystemWorkbench/plugins/fr.ac6.mcu.externaltools.arm-none.linux64_1.15.0.201708311556/tools/compiler/bin/../lib/gcc/arm-none-eabi/6.3.1/../../../../arm-none-eabi/lib/thumb/v7e-m/fpv4-sp/hard/libc.a(lib_a-memset.o)
                              /home/franco/Ac6/SystemWorkbench/plugins/fr.ac6.mcu.externaltools.arm-none.linux64_1.15.0.201708311556/tools/compiler/bin/../lib/gcc/arm-none-eabi/6.3.1/../../../../arm-none-eabi/lib/thumb/v7e-m/fpv4-sp/hard/crt0.o (memset)
/home/franco/Ac6/SystemWorkbench/plugins/fr.ac6.mcu.externaltools.arm-none.linux64_1.15.0.201708311556/tools/compiler/bin/../lib/gcc/arm-none-eabi/6.3.1/../../../../arm-none-eabi/lib/thumb/v7e-m/fpv4-sp/hard/libc.a(lib_a-__call_atexit.o)
                              /home/franco/Ac6/SystemWorkbench/plugins/fr.ac6.mcu.externaltools.arm-none.linux64_1.15.0.201708311556/tools/compiler/bin/../lib/gcc/arm-none-eabi/6.3.1/../../../../arm-none-eabi/lib/thumb/v7e-m/fpv4-sp/hard/libc.a(lib_a-exit.o) (__call_exitprocs)
/home/franco/Ac6/SystemWorkbench/plugins/fr.ac6.mcu.externaltools.arm-none.linux64_1.15.0.201708311556/tools/compiler/bin/../lib/gcc/arm-none-eabi/6.3.1/../../../../arm-none-eabi/lib/thumb/v7e-m/fpv4-sp/hard/libc.a(lib_a-atexit.o)
                              /home/franco/Ac6/SystemWorkbench/plugins/fr.ac6.mcu.externaltools.arm-none.linux64_1.15.0.201708311556/tools/compiler/bin/../lib/gcc/arm-none-eabi/6.3.1/../../../../arm-none-eabi/lib/thumb/v7e-m/fpv4-sp/hard/libc.a(lib_a-__call_atexit.o) (atexit)
/home/franco/Ac6/SystemWorkbench/plugins/fr.ac6.mcu.externaltools.arm-none.linux64_1.15.0.201708311556/tools/compiler/bin/../lib/gcc/arm-none-eabi/6.3.1/../../../../arm-none-eabi/lib/thumb/v7e-m/fpv4-sp/hard/libc.a(lib_a-fini.o)
                              /home/franco/Ac6/SystemWorkbench/plugins/fr.ac6.mcu.externaltools.arm-none.linux64_1.15.0.201708311556/tools/compiler/bin/../lib/gcc/arm-none-eabi/6.3.1/../../../../arm-none-eabi/lib/thumb/v7e-m/fpv4-sp/hard/libc.a(lib_a-__call_atexit.o) (__libc_fini_array)
/home/franco/Ac6/SystemWorkbench/plugins/fr.ac6.mcu.externaltools.arm-none.linux64_1.15.0.201708311556/tools/compiler/bin/../lib/gcc/arm-none-eabi/6.3.1/../../../../arm-none-eabi/lib/thumb/v7e-m/fpv4-sp/hard/libc.a(lib_a-lock.o)
                              /home/franco/Ac6/SystemWorkbench/plugins/fr.ac6.mcu.externaltools.arm-none.linux64_1.15.0.201708311556/tools/compiler/bin/../lib/gcc/arm-none-eabi/6.3.1/../../../../arm-none-eabi/lib/thumb/v7e-m/fpv4-sp/hard/libc.a(lib_a-__call_atexit.o) (__retarget_lock_acquire_recursive)
/home/franco/Ac6/SystemWorkbench/plugins/fr.ac6.mcu.externaltools.arm-none.linux64_1.15.0.201708311556/tools/compiler/bin/../lib/gcc/arm-none-eabi/6.3.1/../../../../arm-none-eabi/lib/thumb/v7e-m/fpv4-sp/hard/libc.a(lib_a-__atexit.o)
                              /home/franco/Ac6/SystemWorkbench/plugins/fr.ac6.mcu.externaltools.arm-none.linux64_1.15.0.201708311556/tools/compiler/bin/../lib/gcc/arm-none-eabi/6.3.1/../../../../arm-none-eabi/lib/thumb/v7e-m/fpv4-sp/hard/libc.a(lib_a-atexit.o) (__register_exitproc)

Allocating common symbols
Common symbol       size              file

[...]
Memory Configuration

Name             Origin             Length             Attributes
FLASH            0x0000000008000000 0x0000000000100000 xr
RAM              0x0000000020000000 0x0000000000030000 xrw
MEMORY_B1        0x0000000060000000 0x0000000000000000 xr
*default*        0x0000000000000000 0xffffffffffffffff

Linker script and memory map

LOAD /home/franco/Ac6/SystemWorkbench/plugins/fr.ac6.mcu.externaltools.arm-none.linux64_1.15.0.201708311556/tools/compiler/bin/../lib/gcc/arm-none-eabi/6.3.1/thumb/v7e-m/fpv4-sp/hard/crti.o
LOAD /home/franco/Ac6/SystemWorkbench/plugins/fr.ac6.mcu.externaltools.arm-none.linux64_1.15.0.201708311556/tools/compiler/bin/../lib/gcc/arm-none-eabi/6.3.1/thumb/v7e-m/fpv4-sp/hard/crtbegin.o
LOAD /home/franco/Ac6/SystemWorkbench/plugins/fr.ac6.mcu.externaltools.arm-none.linux64_1.15.0.201708311556/tools/compiler/bin/../lib/gcc/arm-none-eabi/6.3.1/../../../../arm-none-eabi/lib/thumb/v7e-m/fpv4-sp/hard/crt0.o
LOAD StdPeriph_Driver/src/misc.o
LOAD StdPeriph_Driver/src/stm32f4xx_adc.o
LOAD StdPeriph_Driver/src/stm32f4xx_can.o
LOAD StdPeriph_Driver/src/stm32f4xx_crc.o
LOAD StdPeriph_Driver/src/stm32f4xx_cryp.o
LOAD StdPeriph_Driver/src/stm32f4xx_cryp_aes.o
LOAD StdPeriph_Driver/src/stm32f4xx_cryp_des.o
LOAD StdPeriph_Driver/src/stm32f4xx_cryp_tdes.o
LOAD StdPeriph_Driver/src/stm32f4xx_dac.o
LOAD StdPeriph_Driver/src/stm32f4xx_dbgmcu.o
LOAD StdPeriph_Driver/src/stm32f4xx_dcmi.o
LOAD StdPeriph_Driver/src/stm32f4xx_dma.o
LOAD StdPeriph_Driver/src/stm32f4xx_exti.o
LOAD StdPeriph_Driver/src/stm32f4xx_flash.o
LOAD StdPeriph_Driver/src/stm32f4xx_fsmc.o
LOAD StdPeriph_Driver/src/stm32f4xx_gpio.o
LOAD StdPeriph_Driver/src/stm32f4xx_hash.o
LOAD StdPeriph_Driver/src/stm32f4xx_hash_md5.o
LOAD StdPeriph_Driver/src/stm32f4xx_hash_sha1.o
LOAD StdPeriph_Driver/src/stm32f4xx_i2c.o
LOAD StdPeriph_Driver/src/stm32f4xx_iwdg.o
LOAD StdPeriph_Driver/src/stm32f4xx_pwr.o
LOAD StdPeriph_Driver/src/stm32f4xx_rcc.o
LOAD StdPeriph_Driver/src/stm32f4xx_rng.o
LOAD StdPeriph_Driver/src/stm32f4xx_rtc.o
LOAD StdPeriph_Driver/src/stm32f4xx_sdio.o
LOAD StdPeriph_Driver/src/stm32f4xx_spi.o
LOAD StdPeriph_Driver/src/stm32f4xx_syscfg.o
LOAD StdPeriph_Driver/src/stm32f4xx_tim.o
LOAD StdPeriph_Driver/src/stm32f4xx_usart.o
LOAD StdPeriph_Driver/src/stm32f4xx_wwdg.o
LOAD src/boot.o
LOAD src/main.o
LOAD src/midi.o
LOAD src/synth.o
LOAD src/syscalls.o
LOAD src/system_stm32f4xx.o
LOAD src/timer.o
LOAD startup/startup_stm32f4xx.o
LOAD /home/franco/Ac6/SystemWorkbench/plugins/fr.ac6.mcu.externaltools.arm-none.linux64_1.15.0.201708311556/tools/compiler/bin/../lib/gcc/arm-none-eabi/6.3.1/../../../../arm-none-eabi/lib/thumb/v7e-m/fpv4-sp/hard/libm.a
START GROUP
LOAD /home/franco/Ac6/SystemWorkbench/plugins/fr.ac6.mcu.externaltools.arm-none.linux64_1.15.0.201708311556/tools/compiler/bin/../lib/gcc/arm-none-eabi/6.3.1/thumb/v7e-m/fpv4-sp/hard/libgcc.a
LOAD /home/franco/Ac6/SystemWorkbench/plugins/fr.ac6.mcu.externaltools.arm-none.linux64_1.15.0.201708311556/tools/compiler/bin/../lib/gcc/arm-none-eabi/6.3.1/../../../../arm-none-eabi/lib/thumb/v7e-m/fpv4-sp/hard/libc.a
END GROUP
LOAD /home/franco/Ac6/SystemWorkbench/plugins/fr.ac6.mcu.externaltools.arm-none.linux64_1.15.0.201708311556/tools/compiler/bin/../lib/gcc/arm-none-eabi/6.3.1/thumb/v7e-m/fpv4-sp/hard/crtend.o
LOAD /home/franco/Ac6/SystemWorkbench/plugins/fr.ac6.mcu.externaltools.arm-none.linux64_1.15.0.201708311556/tools/compiler/bin/../lib/gcc/arm-none-eabi/6.3.1/thumb/v7e-m/fpv4-sp/hard/crtn.o
                0x0000000020020000                _estack = 0x20020000
                0x0000000000000000                _Min_Heap_Size = 0x0
                0x0000000000000400                _Min_Stack_Size = 0x400

.isr_vector     0x0000000008000000      0x188
                0x0000000008000000                . = ALIGN (0x4)
 *(.isr_vector)
 .isr_vector    0x0000000008000000      0x188 startup/startup_stm32f4xx.o
                0x0000000008000000                g_pfnVectors
                0x0000000008000188                . = ALIGN (0x4)

.text           0x0000000008000188     0x48a0
                0x0000000008000188                . = ALIGN (0x4)
 *(.text)
 .text          0x0000000008000188       0x6c /home/franco/Ac6/SystemWorkbench/plugins/fr.ac6.mcu.externaltools.arm-none.linux64_1.15.0.201708311556/tools/compiler/bin/../lib/gcc/arm-none-eabi/6.3.1/thumb/v7e-m/fpv4-sp/hard/crtbegin.o
 *(.text*)
 .text.NVIC_PriorityGroupConfig
                0x00000000080001f4       0x28 StdPeriph_Driver/src/misc.o
                0x00000000080001f4                NVIC_PriorityGroupConfig
 .text.NVIC_Init
                0x000000000800021c       0xc4 StdPeriph_Driver/src/misc.o
                0x000000000800021c                NVIC_Init
 .text.ADC_DeInit
                0x00000000080002e0       0x1c StdPeriph_Driver/src/stm32f4xx_adc.o
                0x00000000080002e0                ADC_DeInit
 .text.ADC_Init
                0x00000000080002fc       0xac StdPeriph_Driver/src/stm32f4xx_adc.o
                0x00000000080002fc                ADC_Init
 .text.ADC_CommonInit
                0x00000000080003a8       0x50 StdPeriph_Driver/src/stm32f4xx_adc.o
                0x00000000080003a8                ADC_CommonInit
 .text.ADC_Cmd  0x00000000080003f8       0x38 StdPeriph_Driver/src/stm32f4xx_adc.o
                0x00000000080003f8                ADC_Cmd
 .text.ADC_RegularChannelConfig
                0x0000000008000430      0x194 StdPeriph_Driver/src/stm32f4xx_adc.o
                0x0000000008000430                ADC_RegularChannelConfig
 .text.ADC_DMACmd
                0x00000000080005c4       0x38 StdPeriph_Driver/src/stm32f4xx_adc.o
                0x00000000080005c4                ADC_DMACmd
 .text.ADC_DMARequestAfterLastTransferCmd
                0x00000000080005fc       0x38 StdPeriph_Driver/src/stm32f4xx_adc.o
                0x00000000080005fc                ADC_DMARequestAfterLastTransferCmd
 .text.DMA_DeInit
                0x0000000008000634      0x1a8 StdPeriph_Driver/src/stm32f4xx_dma.o
                0x0000000008000634                DMA_DeInit
 .text.DMA_Init
                0x00000000080007dc       0xb0 StdPeriph_Driver/src/stm32f4xx_dma.o
                0x00000000080007dc                DMA_Init
 .text.DMA_Cmd  0x000000000800088c       0x38 StdPeriph_Driver/src/stm32f4xx_dma.o
                0x000000000800088c                DMA_Cmd
 .text.DMA_DoubleBufferModeConfig
                0x00000000080008c4       0x3e StdPeriph_Driver/src/stm32f4xx_dma.o
                0x00000000080008c4                DMA_DoubleBufferModeConfig
 .text.DMA_DoubleBufferModeCmd
                0x0000000008000902       0x38 StdPeriph_Driver/src/stm32f4xx_dma.o
                0x0000000008000902                DMA_DoubleBufferModeCmd
 .text.DMA_ITConfig
                0x000000000800093a       0x74 StdPeriph_Driver/src/stm32f4xx_dma.o
                0x000000000800093a                DMA_ITConfig
 *fill*         0x00000000080009ae        0x2 
 .text.DMA_GetITStatus
                0x00000000080009b0       0xb0 StdPeriph_Driver/src/stm32f4xx_dma.o
                0x00000000080009b0                DMA_GetITStatus
 .text.DMA_ClearITPendingBit
                0x0000000008000a60       0x5c StdPeriph_Driver/src/stm32f4xx_dma.o
                0x0000000008000a60                DMA_ClearITPendingBit
 .text.EXTI_Init
                0x0000000008000abc       0xe4 StdPeriph_Driver/src/stm32f4xx_exti.o
                0x0000000008000abc                EXTI_Init
 .text.EXTI_StructInit
                0x0000000008000ba0       0x2c StdPeriph_Driver/src/stm32f4xx_exti.o
                0x0000000008000ba0                EXTI_StructInit
 .text.GPIO_Init
                0x0000000008000bcc      0x11c StdPeriph_Driver/src/stm32f4xx_gpio.o
                0x0000000008000bcc                GPIO_Init
 .text.GPIO_ReadInputDataBit
                0x0000000008000ce8       0x34 StdPeriph_Driver/src/stm32f4xx_gpio.o
                0x0000000008000ce8                GPIO_ReadInputDataBit
 .text.GPIO_SetBits
                0x0000000008000d1c       0x1e StdPeriph_Driver/src/stm32f4xx_gpio.o
                0x0000000008000d1c                GPIO_SetBits
 .text.GPIO_ResetBits
                0x0000000008000d3a       0x1e StdPeriph_Driver/src/stm32f4xx_gpio.o
                0x0000000008000d3a                GPIO_ResetBits
 .text.GPIO_ToggleBits
                0x0000000008000d58       0x24 StdPeriph_Driver/src/stm32f4xx_gpio.o
                0x0000000008000d58                GPIO_ToggleBits
 .text.GPIO_PinAFConfig
                0x0000000008000d7c       0x92 StdPeriph_Driver/src/stm32f4xx_gpio.o
                0x0000000008000d7c                GPIO_PinAFConfig
 *fill*         0x0000000008000e0e        0x2 
 .text.RCC_GetClocksFreq
                0x0000000008000e10      0x150 StdPeriph_Driver/src/stm32f4xx_rcc.o
                0x0000000008000e10                RCC_GetClocksFreq
 .text.RCC_AHB1PeriphClockCmd
                0x0000000008000f60       0x40 StdPeriph_Driver/src/stm32f4xx_rcc.o
                0x0000000008000f60                RCC_AHB1PeriphClockCmd
 .text.RCC_APB1PeriphClockCmd
                0x0000000008000fa0       0x40 StdPeriph_Driver/src/stm32f4xx_rcc.o
                0x0000000008000fa0                RCC_APB1PeriphClockCmd
 .text.RCC_APB2PeriphClockCmd
                0x0000000008000fe0       0x40 StdPeriph_Driver/src/stm32f4xx_rcc.o
                0x0000000008000fe0                RCC_APB2PeriphClockCmd
 .text.RCC_APB2PeriphResetCmd
                0x0000000008001020       0x40 StdPeriph_Driver/src/stm32f4xx_rcc.o
                0x0000000008001020                RCC_APB2PeriphResetCmd
 .text.SPI_Init
                0x0000000008001060       0x88 StdPeriph_Driver/src/stm32f4xx_spi.o
                0x0000000008001060                SPI_Init
 .text.SPI_Cmd  0x00000000080010e8       0x40 StdPeriph_Driver/src/stm32f4xx_spi.o
                0x00000000080010e8                SPI_Cmd
 .text.SYSCFG_EXTILineConfig
                0x0000000008001128       0x84 StdPeriph_Driver/src/stm32f4xx_syscfg.o
                0x0000000008001128                SYSCFG_EXTILineConfig
 .text.TIM_TimeBaseInit
                0x00000000080011ac       0xd8 StdPeriph_Driver/src/stm32f4xx_tim.o
                0x00000000080011ac                TIM_TimeBaseInit
 .text.TIM_Cmd  0x0000000008001284       0x40 StdPeriph_Driver/src/stm32f4xx_tim.o
                0x0000000008001284                TIM_Cmd
 .text.TIM_OC4Init
                0x00000000080012c4       0xd0 StdPeriph_Driver/src/stm32f4xx_tim.o
                0x00000000080012c4                TIM_OC4Init
 .text.TIM_OC4PreloadConfig
                0x0000000008001394       0x3c StdPeriph_Driver/src/stm32f4xx_tim.o
                0x0000000008001394                TIM_OC4PreloadConfig
 .text.TIM_DMACmd
                0x00000000080013d0       0x48 StdPeriph_Driver/src/stm32f4xx_tim.o
                0x00000000080013d0                TIM_DMACmd
 .text.TIM_SelectOutputTrigger
                0x0000000008001418       0x38 StdPeriph_Driver/src/stm32f4xx_tim.o
                0x0000000008001418                TIM_SelectOutputTrigger
 .text.USART_Init
                0x0000000008001450      0x174 StdPeriph_Driver/src/stm32f4xx_usart.o
                0x0000000008001450                USART_Init
 .text.USART_Cmd
                0x00000000080015c4       0x40 StdPeriph_Driver/src/stm32f4xx_usart.o
                0x00000000080015c4                USART_Cmd
 .text.USART_DMACmd
                0x0000000008001604       0x48 StdPeriph_Driver/src/stm32f4xx_usart.o
                0x0000000008001604                USART_DMACmd
 .text.boot_periph
                0x000000000800164c       0x40 src/boot.o
                0x000000000800164c                boot_periph
 .text.ADC1_DMA_Config
                0x000000000800168c      0x1a0 src/boot.o
                0x000000000800168c                ADC1_DMA_Config
 .text.SPI_DAC_Config
                0x000000000800182c      0x17c src/boot.o
                0x000000000800182c                SPI_DAC_Config
 .text.tremoloButtn_boot
                0x00000000080019a8       0x60 src/boot.o
                0x00000000080019a8                tremoloButtn_boot
 .text.LED_Init
                0x0000000008001a08       0x3c src/boot.o
                0x0000000008001a08                LED_Init
 .text.button_init
                0x0000000008001a44       0x80 src/boot.o
                0x0000000008001a44                button_init
 .text.main     0x0000000008001ac4       0x12 src/main.o
                0x0000000008001ac4                main
 *fill*         0x0000000008001ad6        0x2 
 .text.midi_test
                0x0000000008001ad8       0x24 src/midi.o
                0x0000000008001ad8                midi_test
 .text.midi_startup
                0x0000000008001afc      0x10c src/midi.o
                0x0000000008001afc                midi_startup
 .text.MIDI_getCommand
                0x0000000008001c08      0x1a0 src/midi.o
                0x0000000008001c08                MIDI_getCommand
 .text.synth_FSM
                0x0000000008001da8      0x1c4 src/synth.o
                0x0000000008001da8                synth_FSM
 .text.check_timeout
                0x0000000008001f6c       0x40 src/synth.o
                0x0000000008001f6c                check_timeout
 .text.DMA1_Stream7_IRQHandler
                0x0000000008001fac       0x5c src/synth.o
                0x0000000008001fac                DMA1_Stream7_IRQHandler
 .text.MIDITable_update
                0x0000000008002008       0xb8 src/synth.o
                0x0000000008002008                MIDITable_update
 .text.sinthesize_sample
                0x00000000080020c0       0x5c src/synth.o
                0x00000000080020c0                sinthesize_sample
 .text.ampTable_update
                0x000000000800211c       0x6c src/synth.o
                0x000000000800211c                ampTable_update
 .text.atender_sysex
                0x0000000008002188        0xe src/synth.o
                0x0000000008002188                atender_sysex
 .text.atender_crash
                0x0000000008002196        0xe src/synth.o
                0x0000000008002196                atender_crash
 .text.synth_init
                0x00000000080021a4      0x108 src/synth.o
                0x00000000080021a4                synth_init
 .text.SystemInit
                0x00000000080022ac       0x6c src/system_stm32f4xx.o
                0x00000000080022ac                SystemInit
 .text.SetSysClock
                0x0000000008002318       0xf8 src/system_stm32f4xx.o
 .text.timer_startup
                0x0000000008002410       0xdc src/timer.o
                0x0000000008002410                timer_startup
 .text.Reset_Handler
                0x00000000080024ec       0x48 startup/startup_stm32f4xx.o
                0x00000000080024ec                Reset_Handler
 .text.Default_Handler
                0x0000000008002534        0x2 startup/startup_stm32f4xx.o
                0x0000000008002534                RTC_Alarm_IRQHandler
                0x0000000008002534                HASH_RNG_IRQHandler
                0x0000000008002534                EXTI2_IRQHandler
                0x0000000008002534                TIM8_CC_IRQHandler
                0x0000000008002534                DebugMon_Handler
                0x0000000008002534                TIM1_CC_IRQHandler
                0x0000000008002534                DMA2_Stream5_IRQHandler
                0x0000000008002534                HardFault_Handler
                0x0000000008002534                DMA1_Stream5_IRQHandler
                0x0000000008002534                SysTick_Handler
                0x0000000008002534                PVD_IRQHandler
                0x0000000008002534                SDIO_IRQHandler
                0x0000000008002534                TAMP_STAMP_IRQHandler
                0x0000000008002534                PendSV_Handler
                0x0000000008002534                NMI_Handler
                0x0000000008002534                CAN2_RX1_IRQHandler
                0x0000000008002534                EXTI3_IRQHandler
                0x0000000008002534                TIM8_TRG_COM_TIM14_IRQHandler
                0x0000000008002534                TIM1_UP_TIM10_IRQHandler
                0x0000000008002534                TIM8_UP_TIM13_IRQHandler
                0x0000000008002534                I2C3_ER_IRQHandler
                0x0000000008002534                EXTI0_IRQHandler
                0x0000000008002534                I2C2_EV_IRQHandler
                0x0000000008002534                DMA1_Stream2_IRQHandler
                0x0000000008002534                CAN1_RX0_IRQHandler
                0x0000000008002534                FPU_IRQHandler
                0x0000000008002534                OTG_HS_WKUP_IRQHandler
                0x0000000008002534                UsageFault_Handler
                0x0000000008002534                CAN2_SCE_IRQHandler
                0x0000000008002534                DMA2_Stream2_IRQHandler
                0x0000000008002534                SPI1_IRQHandler
                0x0000000008002534                TIM6_DAC_IRQHandler
                0x0000000008002534                TIM1_BRK_TIM9_IRQHandler
                0x0000000008002534                DCMI_IRQHandler
                0x0000000008002534                CAN2_RX0_IRQHandler
                0x0000000008002534                DMA2_Stream3_IRQHandler
                0x0000000008002534                USART6_IRQHandler
                0x0000000008002534                USART3_IRQHandler
                0x0000000008002534                CRYP_IRQHandler
                0x0000000008002534                CAN1_RX1_IRQHandler
                0x0000000008002534                UART5_IRQHandler
                0x0000000008002534                DMA2_Stream0_IRQHandler
                0x0000000008002534                TIM4_IRQHandler
                0x0000000008002534                I2C1_EV_IRQHandler
                0x0000000008002534                DMA1_Stream6_IRQHandler
                0x0000000008002534                DMA1_Stream1_IRQHandler
                0x0000000008002534                UART4_IRQHandler
                0x0000000008002534                TIM3_IRQHandler
                0x0000000008002534                RCC_IRQHandler
                0x0000000008002534                TIM8_BRK_TIM12_IRQHandler
                0x0000000008002534                Default_Handler
                0x0000000008002534                EXTI15_10_IRQHandler
                0x0000000008002534                ADC_IRQHandler
                0x0000000008002534                TIM7_IRQHandler
                0x0000000008002534                CAN2_TX_IRQHandler
                0x0000000008002534                TIM5_IRQHandler
                0x0000000008002534                DMA2_Stream7_IRQHandler
                0x0000000008002534                I2C3_EV_IRQHandler
                0x0000000008002534                EXTI9_5_IRQHandler
                0x0000000008002534                RTC_WKUP_IRQHandler
                0x0000000008002534                ETH_WKUP_IRQHandler
                0x0000000008002534                SPI2_IRQHandler
                0x0000000008002534                OTG_HS_EP1_IN_IRQHandler
                0x0000000008002534                MemManage_Handler
                0x0000000008002534                DMA1_Stream0_IRQHandler
                0x0000000008002534                CAN1_TX_IRQHandler
                0x0000000008002534                SVC_Handler
                0x0000000008002534                EXTI4_IRQHandler
                0x0000000008002534                FSMC_IRQHandler
                0x0000000008002534                ETH_IRQHandler
                0x0000000008002534                OTG_HS_EP1_OUT_IRQHandler
                0x0000000008002534                WWDG_IRQHandler
                0x0000000008002534                TIM2_IRQHandler
                0x0000000008002534                OTG_FS_WKUP_IRQHandler
                0x0000000008002534                TIM1_TRG_COM_TIM11_IRQHandler
                0x0000000008002534                OTG_HS_IRQHandler
                0x0000000008002534                EXTI1_IRQHandler
                0x0000000008002534                USART2_IRQHandler
                0x0000000008002534                I2C2_ER_IRQHandler
                0x0000000008002534                DMA2_Stream1_IRQHandler
                0x0000000008002534                CAN1_SCE_IRQHandler
                0x0000000008002534                FLASH_IRQHandler
                0x0000000008002534                DMA2_Stream4_IRQHandler
                0x0000000008002534                BusFault_Handler
                0x0000000008002534                USART1_IRQHandler
                0x0000000008002534                OTG_FS_IRQHandler
                0x0000000008002534                SPI3_IRQHandler
                0x0000000008002534                DMA1_Stream4_IRQHandler
                0x0000000008002534                I2C1_ER_IRQHandler
                0x0000000008002534                DMA2_Stream6_IRQHandler
                0x0000000008002534                DMA1_Stream3_IRQHandler
 *fill*         0x0000000008002536        0x2 
 .text.__libc_init_array
                0x0000000008002538       0x50 /home/franco/Ac6/SystemWorkbench/plugins/fr.ac6.mcu.externaltools.arm-none.linux64_1.15.0.201708311556/tools/compiler/bin/../lib/gcc/arm-none-eabi/6.3.1/../../../../arm-none-eabi/lib/thumb/v7e-m/fpv4-sp/hard/libc.a(lib_a-init.o)
                0x0000000008002538                __libc_init_array
 .text.startup.register_fini
                0x0000000008002588       0x14 /home/franco/Ac6/SystemWorkbench/plugins/fr.ac6.mcu.externaltools.arm-none.linux64_1.15.0.201708311556/tools/compiler/bin/../lib/gcc/arm-none-eabi/6.3.1/../../../../arm-none-eabi/lib/thumb/v7e-m/fpv4-sp/hard/libc.a(lib_a-__call_atexit.o)
 .text.atexit   0x000000000800259c        0xc /home/franco/Ac6/SystemWorkbench/plugins/fr.ac6.mcu.externaltools.arm-none.linux64_1.15.0.201708311556/tools/compiler/bin/../lib/gcc/arm-none-eabi/6.3.1/../../../../arm-none-eabi/lib/thumb/v7e-m/fpv4-sp/hard/libc.a(lib_a-atexit.o)
                0x000000000800259c                atexit
 .text.__libc_fini_array
                0x00000000080025a8       0x34 /home/franco/Ac6/SystemWorkbench/plugins/fr.ac6.mcu.externaltools.arm-none.linux64_1.15.0.201708311556/tools/compiler/bin/../lib/gcc/arm-none-eabi/6.3.1/../../../../arm-none-eabi/lib/thumb/v7e-m/fpv4-sp/hard/libc.a(lib_a-fini.o)
                0x00000000080025a8                __libc_fini_array
 .text.__retarget_lock_acquire_recursive
                0x00000000080025dc        0x4 /home/franco/Ac6/SystemWorkbench/plugins/fr.ac6.mcu.externaltools.arm-none.linux64_1.15.0.201708311556/tools/compiler/bin/../lib/gcc/arm-none-eabi/6.3.1/../../../../arm-none-eabi/lib/thumb/v7e-m/fpv4-sp/hard/libc.a(lib_a-lock.o)
                0x00000000080025dc                __retarget_lock_acquire_recursive
 .text.__retarget_lock_release_recursive
                0x00000000080025e0        0x4 /home/franco/Ac6/SystemWorkbench/plugins/fr.ac6.mcu.externaltools.arm-none.linux64_1.15.0.201708311556/tools/compiler/bin/../lib/gcc/arm-none-eabi/6.3.1/../../../../arm-none-eabi/lib/thumb/v7e-m/fpv4-sp/hard/libc.a(lib_a-lock.o)
                0x00000000080025e0                __retarget_lock_release_recursive
 .text.__register_exitproc
                0x00000000080025e4       0xc4 /home/franco/Ac6/SystemWorkbench/plugins/fr.ac6.mcu.externaltools.arm-none.linux64_1.15.0.201708311556/tools/compiler/bin/../lib/gcc/arm-none-eabi/6.3.1/../../../../arm-none-eabi/lib/thumb/v7e-m/fpv4-sp/hard/libc.a(lib_a-__atexit.o)
                0x00000000080025e4                __register_exitproc
 *(.rodata)
 .rodata        0x00000000080026a8     0x2361 src/synth.o
                0x00000000080026a8                wave_sine
                0x00000000080046a8                qstep
                0x00000000080047e4                switchbox
 *(.rodata*)
 *fill*         0x0000000008004a09        0x3 
 .rodata._global_impure_ptr
                0x0000000008004a0c        0x4 /home/franco/Ac6/SystemWorkbench/plugins/fr.ac6.mcu.externaltools.arm-none.linux64_1.15.0.201708311556/tools/compiler/bin/../lib/gcc/arm-none-eabi/6.3.1/../../../../arm-none-eabi/lib/thumb/v7e-m/fpv4-sp/hard/libc.a(lib_a-impure.o)
                0x0000000008004a0c                _global_impure_ptr
 *(.glue_7)
 .glue_7        0x0000000008004a10        0x0 linker stubs
 *(.glue_7t)
 .glue_7t       0x0000000008004a10        0x0 linker stubs
 *(.eh_frame)
 .eh_frame      0x0000000008004a10        0x0 /home/franco/Ac6/SystemWorkbench/plugins/fr.ac6.mcu.externaltools.arm-none.linux64_1.15.0.201708311556/tools/compiler/bin/../lib/gcc/arm-none-eabi/6.3.1/thumb/v7e-m/fpv4-sp/hard/crtbegin.o
 *(.init)
 .init          0x0000000008004a10        0x4 /home/franco/Ac6/SystemWorkbench/plugins/fr.ac6.mcu.externaltools.arm-none.linux64_1.15.0.201708311556/tools/compiler/bin/../lib/gcc/arm-none-eabi/6.3.1/thumb/v7e-m/fpv4-sp/hard/crti.o
                0x0000000008004a10                _init
 .init          0x0000000008004a14        0x8 /home/franco/Ac6/SystemWorkbench/plugins/fr.ac6.mcu.externaltools.arm-none.linux64_1.15.0.201708311556/tools/compiler/bin/../lib/gcc/arm-none-eabi/6.3.1/thumb/v7e-m/fpv4-sp/hard/crtn.o
 *(.fini)
 .fini          0x0000000008004a1c        0x4 /home/franco/Ac6/SystemWorkbench/plugins/fr.ac6.mcu.externaltools.arm-none.linux64_1.15.0.201708311556/tools/compiler/bin/../lib/gcc/arm-none-eabi/6.3.1/thumb/v7e-m/fpv4-sp/hard/crti.o
                0x0000000008004a1c                _fini
 .fini          0x0000000008004a20        0x8 /home/franco/Ac6/SystemWorkbench/plugins/fr.ac6.mcu.externaltools.arm-none.linux64_1.15.0.201708311556/tools/compiler/bin/../lib/gcc/arm-none-eabi/6.3.1/thumb/v7e-m/fpv4-sp/hard/crtn.o
                0x0000000008004a28                . = ALIGN (0x4)
                0x0000000008004a28                _etext = .

.vfp11_veneer   0x0000000008004a28        0x0
 .vfp11_veneer  0x0000000008004a28        0x0 linker stubs

.v4_bx          0x0000000008004a28        0x0
 .v4_bx         0x0000000008004a28        0x0 linker stubs

.iplt           0x0000000008004a28        0x0
 .iplt          0x0000000008004a28        0x0 /home/franco/Ac6/SystemWorkbench/plugins/fr.ac6.mcu.externaltools.arm-none.linux64_1.15.0.201708311556/tools/compiler/bin/../lib/gcc/arm-none-eabi/6.3.1/thumb/v7e-m/fpv4-sp/hard/crtbegin.o

.rel.dyn        0x0000000008004a28        0x0
 .rel.iplt      0x0000000008004a28        0x0 /home/franco/Ac6/SystemWorkbench/plugins/fr.ac6.mcu.externaltools.arm-none.linux64_1.15.0.201708311556/tools/compiler/bin/../lib/gcc/arm-none-eabi/6.3.1/thumb/v7e-m/fpv4-sp/hard/crtbegin.o

.ARM.extab
 *(.ARM.extab* .gnu.linkonce.armextab.*)

.ARM            0x0000000008004a28        0x0
                0x0000000008004a28                __exidx_start = .
 *(.ARM.exidx*)
                0x0000000008004a28                __exidx_end = .

.preinit_array  0x0000000008004a28        0x0
                0x0000000008004a28                PROVIDE (__preinit_array_start, .)
 *(.preinit_array*)
                0x0000000008004a28                PROVIDE (__preinit_array_end, .)

.init_array     0x0000000008004a28        0x8
                0x0000000008004a28                PROVIDE (__init_array_start, .)
 *(SORT(.init_array.*))
 .init_array.00000
                0x0000000008004a28        0x4 /home/franco/Ac6/SystemWorkbench/plugins/fr.ac6.mcu.externaltools.arm-none.linux64_1.15.0.201708311556/tools/compiler/bin/../lib/gcc/arm-none-eabi/6.3.1/../../../../arm-none-eabi/lib/thumb/v7e-m/fpv4-sp/hard/libc.a(lib_a-__call_atexit.o)
 *(.init_array*)
 .init_array    0x0000000008004a2c        0x4 /home/franco/Ac6/SystemWorkbench/plugins/fr.ac6.mcu.externaltools.arm-none.linux64_1.15.0.201708311556/tools/compiler/bin/../lib/gcc/arm-none-eabi/6.3.1/thumb/v7e-m/fpv4-sp/hard/crtbegin.o
                0x0000000008004a30                PROVIDE (__init_array_end, .)

.fini_array     0x0000000008004a30        0x4
                0x0000000008004a30                PROVIDE (__fini_array_start, .)
 *(.fini_array*)
 .fini_array    0x0000000008004a30        0x4 /home/franco/Ac6/SystemWorkbench/plugins/fr.ac6.mcu.externaltools.arm-none.linux64_1.15.0.201708311556/tools/compiler/bin/../lib/gcc/arm-none-eabi/6.3.1/thumb/v7e-m/fpv4-sp/hard/crtbegin.o
 *(SORT(.fini_array.*))
                0x0000000008004a34                PROVIDE (__fini_array_end, .)
                0x0000000008004a34                _sidata = .

.data           0x0000000020000000      0x43c load address 0x0000000008004a34
                0x0000000020000000                . = ALIGN (0x4)
                0x0000000020000000                _sdata = .
 *(.data)
 .data          0x0000000020000000       0x10 StdPeriph_Driver/src/stm32f4xx_rcc.o
 *(.data*)
 .data.impure_data
                0x0000000020000010      0x428 /home/franco/Ac6/SystemWorkbench/plugins/fr.ac6.mcu.externaltools.arm-none.linux64_1.15.0.201708311556/tools/compiler/bin/../lib/gcc/arm-none-eabi/6.3.1/../../../../arm-none-eabi/lib/thumb/v7e-m/fpv4-sp/hard/libc.a(lib_a-impure.o)
 .data.__atexit_recursive_mutex
                0x0000000020000438        0x4 /home/franco/Ac6/SystemWorkbench/plugins/fr.ac6.mcu.externaltools.arm-none.linux64_1.15.0.201708311556/tools/compiler/bin/../lib/gcc/arm-none-eabi/6.3.1/../../../../arm-none-eabi/lib/thumb/v7e-m/fpv4-sp/hard/libc.a(lib_a-__call_atexit.o)
                0x0000000020000438                __atexit_recursive_mutex
                0x000000002000043c                . = ALIGN (0x4)
                0x000000002000043c                _edata = .

.jcr            0x000000002000043c        0x0 load address 0x0000000008004e70
 .jcr           0x000000002000043c        0x0 /home/franco/Ac6/SystemWorkbench/plugins/fr.ac6.mcu.externaltools.arm-none.linux64_1.15.0.201708311556/tools/compiler/bin/../lib/gcc/arm-none-eabi/6.3.1/thumb/v7e-m/fpv4-sp/hard/crtbegin.o

.igot.plt       0x000000002000043c        0x0 load address 0x0000000008004e70
 .igot.plt      0x000000002000043c        0x0 /home/franco/Ac6/SystemWorkbench/plugins/fr.ac6.mcu.externaltools.arm-none.linux64_1.15.0.201708311556/tools/compiler/bin/../lib/gcc/arm-none-eabi/6.3.1/thumb/v7e-m/fpv4-sp/hard/crtbegin.o
                0x000000002000043c                . = ALIGN (0x4)

.bss            0x000000002000043c      0x7f8 load address 0x0000000008004e70
                0x000000002000043c                _sbss = .
                0x000000002000043c                __bss_start__ = _sbss
 *(.bss)
 .bss           0x000000002000043c       0x1c /home/franco/Ac6/SystemWorkbench/plugins/fr.ac6.mcu.externaltools.arm-none.linux64_1.15.0.201708311556/tools/compiler/bin/../lib/gcc/arm-none-eabi/6.3.1/thumb/v7e-m/fpv4-sp/hard/crtbegin.o
 *(.bss*)
 *(COMMON)
 COMMON         0x0000000020000458      0x512 src/boot.o
                0x0000000020000458                ampTableCurrent
                0x00000000200004f8                Drawbars
                0x0000000020000504                sys_DACcurrent
                0x0000000020000508                ampFirDelayLine
                0x0000000020000780                phaseTable
                0x00000000200008bc                midiActiveTable
                0x00000000200008cc                ampTable
 *fill*         0x000000002000096a        0x2 
 COMMON         0x000000002000096c       0x94 src/main.o
                0x000000002000096c                sys_DACbuffer1
                0x00000000200009ac                sys_TXbuff
                0x00000000200009bc                sys_sampleSent
                0x00000000200009be                sys_bufferPending
                0x00000000200009bf                sys_bufferCrash
                0x00000000200009c0                sys_DACbuffer0
 COMMON         0x0000000020000a00      0x204 src/midi.o
                0x0000000020000a00                MIDI_buffer
                0x0000000020000c00                runningStatus
                0x0000000020000c02                MIDI_lastPos
 COMMON         0x0000000020000c04        0x9 src/synth.o
                0x0000000020000c04                synth_command
                0x0000000020000c06                activeNotes
                0x0000000020000c08                MIDI_dataRcvd
                0x0000000020000c09                MIDI_command
                0x0000000020000c0a                estadoBuffer
                0x0000000020000c0b                synth_ampMod
                0x0000000020000c0c                synth_bttnBlock
 *fill*         0x0000000020000c0d        0x3 
 COMMON         0x0000000020000c10       0x21 /home/franco/Ac6/SystemWorkbench/plugins/fr.ac6.mcu.externaltools.arm-none.linux64_1.15.0.201708311556/tools/compiler/bin/../lib/gcc/arm-none-eabi/6.3.1/../../../../arm-none-eabi/lib/thumb/v7e-m/fpv4-sp/hard/libc.a(lib_a-lock.o)
                0x0000000020000c10                __lock___atexit_recursive_mutex
                0x0000000020000c14                __lock___arc4random_mutex
                0x0000000020000c18                __lock___env_recursive_mutex
                0x0000000020000c1c                __lock___sinit_recursive_mutex
                0x0000000020000c20                __lock___malloc_recursive_mutex
                0x0000000020000c24                __lock___at_quick_exit_mutex
                0x0000000020000c28                __lock___dd_hash_mutex
                0x0000000020000c2c                __lock___tz_mutex
                0x0000000020000c30                __lock___sfp_recursive_mutex
                0x0000000020000c34                . = ALIGN (0x4)
 *fill*         0x0000000020000c31        0x3 
                0x0000000020000c34                _ebss = .
                0x0000000020000c34                __bss_end__ = _ebss

._user_heap_stack
                0x0000000020000c34      0x404 load address 0x0000000008005668
                0x0000000020000c38                . = ALIGN (0x8)
 *fill*         0x0000000020000c34        0x4 
                0x0000000020000c38                PROVIDE (end, .)
                [!provide]                        PROVIDE (_end, .)
                0x0000000020000c38                . = (. + _Min_Heap_Size)
                0x0000000020001038                . = (. + _Min_Stack_Size)
 *fill*         0x0000000020000c38      0x400 
                0x0000000020001038                . = ALIGN (0x8)

.memory_b1_text
 *(.mb1text)
 *(.mb1text*)
 *(.mb1rodata)
 *(.mb1rodata*)

/DISCARD/
 libc.a(*)
 libm.a(*)
 libgcc.a(*)

.ARM.attributes
                0x0000000000000000       0x30
 *(.ARM.attributes)
 .ARM.attributes
                0x0000000000000000       0x22 /home/franco/Ac6/SystemWorkbench/plugins/fr.ac6.mcu.externaltools.arm-none.linux64_1.15.0.201708311556/tools/compiler/bin/../lib/gcc/arm-none-eabi/6.3.1/thumb/v7e-m/fpv4-sp/hard/crti.o
 .ARM.attributes
                0x0000000000000022       0x34 /home/franco/Ac6/SystemWorkbench/plugins/fr.ac6.mcu.externaltools.arm-none.linux64_1.15.0.201708311556/tools/compiler/bin/../lib/gcc/arm-none-eabi/6.3.1/thumb/v7e-m/fpv4-sp/hard/crtbegin.o
 .ARM.attributes
                0x0000000000000056       0x39 StdPeriph_Driver/src/misc.o
 .ARM.attributes
                0x000000000000008f       0x39 StdPeriph_Driver/src/stm32f4xx_adc.o
 .ARM.attributes
                0x00000000000000c8       0x39 StdPeriph_Driver/src/stm32f4xx_dma.o
 .ARM.attributes
                0x0000000000000101       0x39 StdPeriph_Driver/src/stm32f4xx_exti.o
 .ARM.attributes
                0x000000000000013a       0x39 StdPeriph_Driver/src/stm32f4xx_gpio.o
 .ARM.attributes
                0x0000000000000173       0x39 StdPeriph_Driver/src/stm32f4xx_rcc.o
 .ARM.attributes
                0x00000000000001ac       0x39 StdPeriph_Driver/src/stm32f4xx_spi.o
 .ARM.attributes
                0x00000000000001e5       0x39 StdPeriph_Driver/src/stm32f4xx_syscfg.o
 .ARM.attributes
                0x000000000000021e       0x39 StdPeriph_Driver/src/stm32f4xx_tim.o
 .ARM.attributes
                0x0000000000000257       0x39 StdPeriph_Driver/src/stm32f4xx_usart.o
 .ARM.attributes
                0x0000000000000290       0x39 src/boot.o
 .ARM.attributes
                0x00000000000002c9       0x39 src/main.o
 .ARM.attributes
                0x0000000000000302       0x39 src/midi.o
 .ARM.attributes
                0x000000000000033b       0x39 src/synth.o
 .ARM.attributes
                0x0000000000000374       0x39 src/system_stm32f4xx.o
 .ARM.attributes
                0x00000000000003ad       0x39 src/timer.o
 .ARM.attributes
                0x00000000000003e6       0x21 startup/startup_stm32f4xx.o
 .ARM.attributes
                0x0000000000000407       0x34 /home/franco/Ac6/SystemWorkbench/plugins/fr.ac6.mcu.externaltools.arm-none.linux64_1.15.0.201708311556/tools/compiler/bin/../lib/gcc/arm-none-eabi/6.3.1/../../../../arm-none-eabi/lib/thumb/v7e-m/fpv4-sp/hard/libc.a(lib_a-impure.o)
 .ARM.attributes
                0x000000000000043b       0x34 /home/franco/Ac6/SystemWorkbench/plugins/fr.ac6.mcu.externaltools.arm-none.linux64_1.15.0.201708311556/tools/compiler/bin/../lib/gcc/arm-none-eabi/6.3.1/../../../../arm-none-eabi/lib/thumb/v7e-m/fpv4-sp/hard/libc.a(lib_a-init.o)
 .ARM.attributes
                0x000000000000046f       0x34 /home/franco/Ac6/SystemWorkbench/plugins/fr.ac6.mcu.externaltools.arm-none.linux64_1.15.0.201708311556/tools/compiler/bin/../lib/gcc/arm-none-eabi/6.3.1/../../../../arm-none-eabi/lib/thumb/v7e-m/fpv4-sp/hard/libc.a(lib_a-__call_atexit.o)
 .ARM.attributes
                0x00000000000004a3       0x34 /home/franco/Ac6/SystemWorkbench/plugins/fr.ac6.mcu.externaltools.arm-none.linux64_1.15.0.201708311556/tools/compiler/bin/../lib/gcc/arm-none-eabi/6.3.1/../../../../arm-none-eabi/lib/thumb/v7e-m/fpv4-sp/hard/libc.a(lib_a-atexit.o)
 .ARM.attributes
                0x00000000000004d7       0x34 /home/franco/Ac6/SystemWorkbench/plugins/fr.ac6.mcu.externaltools.arm-none.linux64_1.15.0.201708311556/tools/compiler/bin/../lib/gcc/arm-none-eabi/6.3.1/../../../../arm-none-eabi/lib/thumb/v7e-m/fpv4-sp/hard/libc.a(lib_a-fini.o)
 .ARM.attributes
                0x000000000000050b       0x34 /home/franco/Ac6/SystemWorkbench/plugins/fr.ac6.mcu.externaltools.arm-none.linux64_1.15.0.201708311556/tools/compiler/bin/../lib/gcc/arm-none-eabi/6.3.1/../../../../arm-none-eabi/lib/thumb/v7e-m/fpv4-sp/hard/libc.a(lib_a-lock.o)
 .ARM.attributes
                0x000000000000053f       0x34 /home/franco/Ac6/SystemWorkbench/plugins/fr.ac6.mcu.externaltools.arm-none.linux64_1.15.0.201708311556/tools/compiler/bin/../lib/gcc/arm-none-eabi/6.3.1/../../../../arm-none-eabi/lib/thumb/v7e-m/fpv4-sp/hard/libc.a(lib_a-__atexit.o)
 .ARM.attributes
                0x0000000000000573       0x22 /home/franco/Ac6/SystemWorkbench/plugins/fr.ac6.mcu.externaltools.arm-none.linux64_1.15.0.201708311556/tools/compiler/bin/../lib/gcc/arm-none-eabi/6.3.1/thumb/v7e-m/fpv4-sp/hard/crtn.o
OUTPUT(bfreeorgan.elf elf32-littlearm)

.debug_info     0x0000000000000000     0xb9a5
 .debug_info    0x0000000000000000      0x551 StdPeriph_Driver/src/misc.o
 .debug_info    0x0000000000000551      0xc53 StdPeriph_Driver/src/stm32f4xx_adc.o
 .debug_info    0x00000000000011a4      0x750 StdPeriph_Driver/src/stm32f4xx_dma.o
 .debug_info    0x00000000000018f4      0x36a StdPeriph_Driver/src/stm32f4xx_exti.o
 .debug_info    0x0000000000001c5e      0x629 StdPeriph_Driver/src/stm32f4xx_gpio.o
 .debug_info    0x0000000000002287      0xc76 StdPeriph_Driver/src/stm32f4xx_rcc.o
 .debug_info    0x0000000000002efd      0xb1e StdPeriph_Driver/src/stm32f4xx_spi.o
 .debug_info    0x0000000000003a1b      0x287 StdPeriph_Driver/src/stm32f4xx_syscfg.o
 .debug_info    0x0000000000003ca2     0x1c78 StdPeriph_Driver/src/stm32f4xx_tim.o
 .debug_info    0x000000000000591a      0x9d9 StdPeriph_Driver/src/stm32f4xx_usart.o
 .debug_info    0x00000000000062f3     0x1550 src/boot.o
 .debug_info    0x0000000000007843      0xb27 src/main.o
 .debug_info    0x000000000000836a      0xffc src/midi.o
 .debug_info    0x0000000000009366     0x11ec src/synth.o
 .debug_info    0x000000000000a552      0x5d4 src/system_stm32f4xx.o
 .debug_info    0x000000000000ab26      0xe18 src/timer.o
 .debug_info    0x000000000000b93e       0x67 startup/startup_stm32f4xx.o

.debug_abbrev   0x0000000000000000     0x1e05
 .debug_abbrev  0x0000000000000000      0x175 StdPeriph_Driver/src/misc.o
 .debug_abbrev  0x0000000000000175      0x1ae StdPeriph_Driver/src/stm32f4xx_adc.o
 .debug_abbrev  0x0000000000000323      0x16b StdPeriph_Driver/src/stm32f4xx_dma.o
 .debug_abbrev  0x000000000000048e      0x1bf StdPeriph_Driver/src/stm32f4xx_exti.o
 .debug_abbrev  0x000000000000064d      0x1bb StdPeriph_Driver/src/stm32f4xx_gpio.o
 .debug_abbrev  0x0000000000000808      0x1fb StdPeriph_Driver/src/stm32f4xx_rcc.o
 .debug_abbrev  0x0000000000000a03      0x17d StdPeriph_Driver/src/stm32f4xx_spi.o
 .debug_abbrev  0x0000000000000b80      0x149 StdPeriph_Driver/src/stm32f4xx_syscfg.o
 .debug_abbrev  0x0000000000000cc9      0x19d StdPeriph_Driver/src/stm32f4xx_tim.o
 .debug_abbrev  0x0000000000000e66      0x185 StdPeriph_Driver/src/stm32f4xx_usart.o
 .debug_abbrev  0x0000000000000feb      0x29f src/boot.o
 .debug_abbrev  0x000000000000128a      0x215 src/main.o
 .debug_abbrev  0x000000000000149f      0x285 src/midi.o
 .debug_abbrev  0x0000000000001724      0x31e src/synth.o
 .debug_abbrev  0x0000000000001a42      0x15b src/system_stm32f4xx.o
 .debug_abbrev  0x0000000000001b9d      0x256 src/timer.o
 .debug_abbrev  0x0000000000001df3       0x12 startup/startup_stm32f4xx.o

.debug_aranges  0x0000000000000000      0xb50
 .debug_aranges
                0x0000000000000000       0x40 StdPeriph_Driver/src/misc.o
 .debug_aranges
                0x0000000000000040      0x148 StdPeriph_Driver/src/stm32f4xx_adc.o
 .debug_aranges
                0x0000000000000188       0xb0 StdPeriph_Driver/src/stm32f4xx_dma.o
 .debug_aranges
                0x0000000000000238       0x58 StdPeriph_Driver/src/stm32f4xx_exti.o
 .debug_aranges
                0x0000000000000290       0x88 StdPeriph_Driver/src/stm32f4xx_gpio.o
 .debug_aranges
                0x0000000000000318      0x178 StdPeriph_Driver/src/stm32f4xx_rcc.o
 .debug_aranges
                0x0000000000000490       0xe0 StdPeriph_Driver/src/stm32f4xx_spi.o
 .debug_aranges
                0x0000000000000570       0x48 StdPeriph_Driver/src/stm32f4xx_syscfg.o
 .debug_aranges
                0x00000000000005b8      0x2f8 StdPeriph_Driver/src/stm32f4xx_tim.o
 .debug_aranges
                0x00000000000008b0      0x100 StdPeriph_Driver/src/stm32f4xx_usart.o
 .debug_aranges
                0x00000000000009b0       0x48 src/boot.o
 .debug_aranges
                0x00000000000009f8       0x20 src/main.o
 .debug_aranges
                0x0000000000000a18       0x30 src/midi.o
 .debug_aranges
                0x0000000000000a48       0x70 src/synth.o
 .debug_aranges
                0x0000000000000ab8       0x30 src/system_stm32f4xx.o
 .debug_aranges
                0x0000000000000ae8       0x40 src/timer.o
 .debug_aranges
                0x0000000000000b28       0x28 startup/startup_stm32f4xx.o

.debug_ranges   0x0000000000000000      0xa48
 .debug_ranges  0x0000000000000000       0x30 StdPeriph_Driver/src/misc.o
 .debug_ranges  0x0000000000000030      0x138 StdPeriph_Driver/src/stm32f4xx_adc.o
 .debug_ranges  0x0000000000000168       0xa0 StdPeriph_Driver/src/stm32f4xx_dma.o
 .debug_ranges  0x0000000000000208       0x48 StdPeriph_Driver/src/stm32f4xx_exti.o
 .debug_ranges  0x0000000000000250       0x78 StdPeriph_Driver/src/stm32f4xx_gpio.o
 .debug_ranges  0x00000000000002c8      0x168 StdPeriph_Driver/src/stm32f4xx_rcc.o
 .debug_ranges  0x0000000000000430       0xd0 StdPeriph_Driver/src/stm32f4xx_spi.o
 .debug_ranges  0x0000000000000500       0x38 StdPeriph_Driver/src/stm32f4xx_syscfg.o
 .debug_ranges  0x0000000000000538      0x2e8 StdPeriph_Driver/src/stm32f4xx_tim.o
 .debug_ranges  0x0000000000000820       0xf0 StdPeriph_Driver/src/stm32f4xx_usart.o
 .debug_ranges  0x0000000000000910       0x38 src/boot.o
 .debug_ranges  0x0000000000000948       0x10 src/main.o
 .debug_ranges  0x0000000000000958       0x20 src/midi.o
 .debug_ranges  0x0000000000000978       0x60 src/synth.o
 .debug_ranges  0x00000000000009d8       0x20 src/system_stm32f4xx.o
 .debug_ranges  0x00000000000009f8       0x30 src/timer.o
 .debug_ranges  0x0000000000000a28       0x20 startup/startup_stm32f4xx.o

.debug_macro    0x0000000000000000    0x124d8
 .debug_macro   0x0000000000000000      0x1c5 StdPeriph_Driver/src/misc.o
 .debug_macro   0x00000000000001c5      0x8d4 StdPeriph_Driver/src/misc.o
 .debug_macro   0x0000000000000a99       0x63 StdPeriph_Driver/src/misc.o
 .debug_macro   0x0000000000000afc       0x35 StdPeriph_Driver/src/misc.o
 .debug_macro   0x0000000000000b31       0x22 StdPeriph_Driver/src/misc.o
 .debug_macro   0x0000000000000b53       0x87 StdPeriph_Driver/src/misc.o
 .debug_macro   0x0000000000000bda       0x51 StdPeriph_Driver/src/misc.o
 .debug_macro   0x0000000000000c2b       0xef StdPeriph_Driver/src/misc.o
 .debug_macro   0x0000000000000d1a       0x6a StdPeriph_Driver/src/misc.o
 .debug_macro   0x0000000000000d84      0x1df StdPeriph_Driver/src/misc.o
 .debug_macro   0x0000000000000f63       0x18 StdPeriph_Driver/src/misc.o
 .debug_macro   0x0000000000000f7b       0x42 StdPeriph_Driver/src/misc.o
 .debug_macro   0x0000000000000fbd      0x8cb StdPeriph_Driver/src/misc.o
 .debug_macro   0x0000000000001888     0x8057 StdPeriph_Driver/src/misc.o
 .debug_macro   0x00000000000098df       0x16 StdPeriph_Driver/src/misc.o
 .debug_macro   0x00000000000098f5      0x44e StdPeriph_Driver/src/misc.o
 .debug_macro   0x0000000000009d43      0x3cf StdPeriph_Driver/src/misc.o
 .debug_macro   0x000000000000a112      0x111 StdPeriph_Driver/src/misc.o
 .debug_macro   0x000000000000a223      0x182 StdPeriph_Driver/src/misc.o
 .debug_macro   0x000000000000a3a5       0xb2 StdPeriph_Driver/src/misc.o
 .debug_macro   0x000000000000a457      0x146 StdPeriph_Driver/src/misc.o
 .debug_macro   0x000000000000a59d      0x477 StdPeriph_Driver/src/misc.o
 .debug_macro   0x000000000000aa14       0xac StdPeriph_Driver/src/misc.o
 .debug_macro   0x000000000000aac0      0x241 StdPeriph_Driver/src/misc.o
 .debug_macro   0x000000000000ad01      0x279 StdPeriph_Driver/src/misc.o
 .debug_macro   0x000000000000af7a       0xb5 StdPeriph_Driver/src/misc.o
 .debug_macro   0x000000000000b02f      0x265 StdPeriph_Driver/src/misc.o
 .debug_macro   0x000000000000b294      0x2b1 StdPeriph_Driver/src/misc.o
 .debug_macro   0x000000000000b545       0x64 StdPeriph_Driver/src/misc.o
 .debug_macro   0x000000000000b5a9       0xa6 StdPeriph_Driver/src/misc.o
 .debug_macro   0x000000000000b64f      0x538 StdPeriph_Driver/src/misc.o
 .debug_macro   0x000000000000bb87       0x40 StdPeriph_Driver/src/misc.o
 .debug_macro   0x000000000000bbc7      0x57a StdPeriph_Driver/src/misc.o
 .debug_macro   0x000000000000c141      0x341 StdPeriph_Driver/src/misc.o
 .debug_macro   0x000000000000c482      0x36a StdPeriph_Driver/src/misc.o
 .debug_macro   0x000000000000c7ec       0xdf StdPeriph_Driver/src/misc.o
 .debug_macro   0x000000000000c8cb      0x73b StdPeriph_Driver/src/misc.o
 .debug_macro   0x000000000000d006      0x220 StdPeriph_Driver/src/misc.o
 .debug_macro   0x000000000000d226       0x34 StdPeriph_Driver/src/misc.o
 .debug_macro   0x000000000000d25a       0x35 StdPeriph_Driver/src/misc.o
 .debug_macro   0x000000000000d28f       0x79 StdPeriph_Driver/src/misc.o
 .debug_macro   0x000000000000d308      0x24a StdPeriph_Driver/src/stm32f4xx_adc.o
 .debug_macro   0x000000000000d552      0x3c9 StdPeriph_Driver/src/stm32f4xx_adc.o
 .debug_macro   0x000000000000d91b       0x7f StdPeriph_Driver/src/stm32f4xx_adc.o
 .debug_macro   0x000000000000d99a      0x217 StdPeriph_Driver/src/stm32f4xx_dma.o
 .debug_macro   0x000000000000dbb1      0x471 StdPeriph_Driver/src/stm32f4xx_dma.o
 .debug_macro   0x000000000000e022      0x1c5 StdPeriph_Driver/src/stm32f4xx_exti.o
 .debug_macro   0x000000000000e1e7       0xa6 StdPeriph_Driver/src/stm32f4xx_exti.o
 .debug_macro   0x000000000000e28d      0x1c3 StdPeriph_Driver/src/stm32f4xx_gpio.o
 .debug_macro   0x000000000000e450      0x25f StdPeriph_Driver/src/stm32f4xx_gpio.o
 .debug_macro   0x000000000000e6af      0x267 StdPeriph_Driver/src/stm32f4xx_rcc.o
 .debug_macro   0x000000000000e916      0x532 StdPeriph_Driver/src/stm32f4xx_rcc.o
 .debug_macro   0x000000000000ee48      0x1ef StdPeriph_Driver/src/stm32f4xx_spi.o
 .debug_macro   0x000000000000f037      0x364 StdPeriph_Driver/src/stm32f4xx_spi.o
 .debug_macro   0x000000000000f39b      0x1ed StdPeriph_Driver/src/stm32f4xx_syscfg.o
 .debug_macro   0x000000000000f588       0xd9 StdPeriph_Driver/src/stm32f4xx_syscfg.o
 .debug_macro   0x000000000000f661      0x1ed StdPeriph_Driver/src/stm32f4xx_tim.o
 .debug_macro   0x000000000000f84e      0x735 StdPeriph_Driver/src/stm32f4xx_tim.o
 .debug_macro   0x000000000000ff83      0x1db StdPeriph_Driver/src/stm32f4xx_usart.o
 .debug_macro   0x000000000001015e      0x21a StdPeriph_Driver/src/stm32f4xx_usart.o
 .debug_macro   0x0000000000010378      0x372 src/boot.o
 .debug_macro   0x00000000000106ea       0x58 src/boot.o
 .debug_macro   0x0000000000010742       0x35 src/boot.o
 .debug_macro   0x0000000000010777       0x9c src/boot.o
 .debug_macro   0x0000000000010813      0x174 src/boot.o
 .debug_macro   0x0000000000010987       0x58 src/boot.o
 .debug_macro   0x00000000000109df       0x1f src/boot.o
 .debug_macro   0x00000000000109fe       0x43 src/boot.o
 .debug_macro   0x0000000000010a41       0x20 src/boot.o
 .debug_macro   0x0000000000010a61      0x187 src/boot.o
 .debug_macro   0x0000000000010be8      0x330 src/boot.o
 .debug_macro   0x0000000000010f18      0x1e1 src/boot.o
 .debug_macro   0x00000000000110f9       0x1c src/boot.o
 .debug_macro   0x0000000000011115       0x35 src/boot.o
 .debug_macro   0x000000000001114a       0x10 src/boot.o
 .debug_macro   0x000000000001115a       0x10 src/boot.o
 .debug_macro   0x000000000001116a       0x1c src/boot.o
 .debug_macro   0x0000000000011186       0x52 src/boot.o
 .debug_macro   0x00000000000111d8       0x40 src/boot.o
 .debug_macro   0x0000000000011218       0x10 src/boot.o
 .debug_macro   0x0000000000011228       0x40 src/boot.o
 .debug_macro   0x0000000000011268       0xd7 src/boot.o
 .debug_macro   0x000000000001133f       0x16 src/boot.o
 .debug_macro   0x0000000000011355      0x18b src/boot.o
 .debug_macro   0x00000000000114e0       0x16 src/boot.o
 .debug_macro   0x00000000000114f6       0x28 src/boot.o
 .debug_macro   0x000000000001151e      0x372 src/main.o
 .debug_macro   0x0000000000011890      0x372 src/midi.o
 .debug_macro   0x0000000000011c02      0x38c src/synth.o
 .debug_macro   0x0000000000011f8e      0x1d8 src/system_stm32f4xx.o
 .debug_macro   0x0000000000012166      0x372 src/timer.o

.debug_line     0x0000000000000000     0x878e
 .debug_line    0x0000000000000000      0x65f StdPeriph_Driver/src/misc.o
 .debug_line    0x000000000000065f      0x975 StdPeriph_Driver/src/stm32f4xx_adc.o
 .debug_line    0x0000000000000fd4      0x842 StdPeriph_Driver/src/stm32f4xx_dma.o
 .debug_line    0x0000000000001816      0x6b8 StdPeriph_Driver/src/stm32f4xx_exti.o
 .debug_line    0x0000000000001ece      0x777 StdPeriph_Driver/src/stm32f4xx_gpio.o
 .debug_line    0x0000000000002645      0x9bd StdPeriph_Driver/src/stm32f4xx_rcc.o
 .debug_line    0x0000000000003002      0x871 StdPeriph_Driver/src/stm32f4xx_spi.o
 .debug_line    0x0000000000003873      0x670 StdPeriph_Driver/src/stm32f4xx_syscfg.o
 .debug_line    0x0000000000003ee3      0xed9 StdPeriph_Driver/src/stm32f4xx_tim.o
 .debug_line    0x0000000000004dbc      0x8bc StdPeriph_Driver/src/stm32f4xx_usart.o
 .debug_line    0x0000000000005678      0x892 src/boot.o
 .debug_line    0x0000000000005f0a      0x7a5 src/main.o
 .debug_line    0x00000000000066af      0x84e src/midi.o
 .debug_line    0x0000000000006efd      0x99c src/synth.o
 .debug_line    0x0000000000007899      0x66f src/system_stm32f4xx.o
 .debug_line    0x0000000000007f08      0x80b src/timer.o
 .debug_line    0x0000000000008713       0x7b startup/startup_stm32f4xx.o

.debug_str      0x0000000000000000    0x5eaa8
 .debug_str     0x0000000000000000    0x55f7e StdPeriph_Driver/src/misc.o
                                      0x56127 (size before relaxing)
 .debug_str     0x0000000000055f7e      0x91f StdPeriph_Driver/src/stm32f4xx_adc.o
                                      0x56816 (size before relaxing)
 .debug_str     0x000000000005689d      0x67f StdPeriph_Driver/src/stm32f4xx_dma.o
                                      0x5658d (size before relaxing)
 .debug_str     0x0000000000056f1c      0x1ce StdPeriph_Driver/src/stm32f4xx_exti.o
                                      0x560aa (size before relaxing)
 .debug_str     0x00000000000570ea      0x2f4 StdPeriph_Driver/src/stm32f4xx_gpio.o
                                      0x561d2 (size before relaxing)
 .debug_str     0x00000000000573de      0xafc StdPeriph_Driver/src/stm32f4xx_rcc.o
                                      0x56a53 (size before relaxing)
 .debug_str     0x0000000000057eda      0x3bc StdPeriph_Driver/src/stm32f4xx_spi.o
                                      0x56493 (size before relaxing)
 .debug_str     0x0000000000058296      0x2a2 StdPeriph_Driver/src/stm32f4xx_syscfg.o
                                      0x56183 (size before relaxing)
 .debug_str     0x0000000000058538      0xc1b StdPeriph_Driver/src/stm32f4xx_tim.o
                                      0x56bc6 (size before relaxing)
 .debug_str     0x0000000000059153      0x533 StdPeriph_Driver/src/stm32f4xx_usart.o
                                      0x564e2 (size before relaxing)
 .debug_str     0x0000000000059686     0x4f90 src/boot.o
                                      0x5b5f1 (size before relaxing)
 .debug_str     0x000000000005e616       0x13 src/main.o
                                      0x5a9a3 (size before relaxing)
 .debug_str     0x000000000005e629       0xd9 src/midi.o
                                      0x5adff (size before relaxing)
 .debug_str     0x000000000005e702      0x253 src/synth.o
                                      0x5ad85 (size before relaxing)
 .debug_str     0x000000000005e955       0xbf src/system_stm32f4xx.o
                                      0x560f5 (size before relaxing)
 .debug_str     0x000000000005ea14       0x94 src/timer.o
                                      0x5ac04 (size before relaxing)

.comment        0x0000000000000000       0x7f
 .comment       0x0000000000000000       0x7f StdPeriph_Driver/src/misc.o
                                         0x80 (size before relaxing)
 .comment       0x000000000000007f       0x80 StdPeriph_Driver/src/stm32f4xx_adc.o
 .comment       0x000000000000007f       0x80 StdPeriph_Driver/src/stm32f4xx_dma.o
 .comment       0x000000000000007f       0x80 StdPeriph_Driver/src/stm32f4xx_exti.o
 .comment       0x000000000000007f       0x80 StdPeriph_Driver/src/stm32f4xx_gpio.o
 .comment       0x000000000000007f       0x80 StdPeriph_Driver/src/stm32f4xx_rcc.o
 .comment       0x000000000000007f       0x80 StdPeriph_Driver/src/stm32f4xx_spi.o
 .comment       0x000000000000007f       0x80 StdPeriph_Driver/src/stm32f4xx_syscfg.o
 .comment       0x000000000000007f       0x80 StdPeriph_Driver/src/stm32f4xx_tim.o
 .comment       0x000000000000007f       0x80 StdPeriph_Driver/src/stm32f4xx_usart.o
 .comment       0x000000000000007f       0x80 src/boot.o
 .comment       0x000000000000007f       0x80 src/main.o
 .comment       0x000000000000007f       0x80 src/midi.o
 .comment       0x000000000000007f       0x80 src/synth.o
 .comment       0x000000000000007f       0x80 src/system_stm32f4xx.o
 .comment       0x000000000000007f       0x80 src/timer.o

.debug_frame    0x0000000000000000     0x31f0
 .debug_frame   0x0000000000000000       0xd8 StdPeriph_Driver/src/misc.o
 .debug_frame   0x00000000000000d8      0x5ec StdPeriph_Driver/src/stm32f4xx_adc.o
 .debug_frame   0x00000000000006c4      0x308 StdPeriph_Driver/src/stm32f4xx_dma.o
 .debug_frame   0x00000000000009cc      0x148 StdPeriph_Driver/src/stm32f4xx_exti.o
 .debug_frame   0x0000000000000b14      0x23c StdPeriph_Driver/src/stm32f4xx_gpio.o
 .debug_frame   0x0000000000000d50      0x6d4 StdPeriph_Driver/src/stm32f4xx_rcc.o
 .debug_frame   0x0000000000001424      0x3f4 StdPeriph_Driver/src/stm32f4xx_spi.o
 .debug_frame   0x0000000000001818       0xf4 StdPeriph_Driver/src/stm32f4xx_syscfg.o
 .debug_frame   0x000000000000190c      0xe54 StdPeriph_Driver/src/stm32f4xx_tim.o
 .debug_frame   0x0000000000002760      0x490 StdPeriph_Driver/src/stm32f4xx_usart.o
 .debug_frame   0x0000000000002bf0       0xe0 src/boot.o
 .debug_frame   0x0000000000002cd0       0x2c src/main.o
 .debug_frame   0x0000000000002cfc       0x78 src/midi.o
 .debug_frame   0x0000000000002d74      0x198 src/synth.o
 .debug_frame   0x0000000000002f0c       0x7c src/system_stm32f4xx.o
 .debug_frame   0x0000000000002f88       0xa8 src/timer.o
 .debug_frame   0x0000000000003030       0x2c /home/franco/Ac6/SystemWorkbench/plugins/fr.ac6.mcu.externaltools.arm-none.linux64_1.15.0.201708311556/tools/compiler/bin/../lib/gcc/arm-none-eabi/6.3.1/../../../../arm-none-eabi/lib/thumb/v7e-m/fpv4-sp/hard/libc.a(lib_a-init.o)
 .debug_frame   0x000000000000305c       0x5c /home/franco/Ac6/SystemWorkbench/plugins/fr.ac6.mcu.externaltools.arm-none.linux64_1.15.0.201708311556/tools/compiler/bin/../lib/gcc/arm-none-eabi/6.3.1/../../../../arm-none-eabi/lib/thumb/v7e-m/fpv4-sp/hard/libc.a(lib_a-__call_atexit.o)
 .debug_frame   0x00000000000030b8       0x20 /home/franco/Ac6/SystemWorkbench/plugins/fr.ac6.mcu.externaltools.arm-none.linux64_1.15.0.201708311556/tools/compiler/bin/../lib/gcc/arm-none-eabi/6.3.1/../../../../arm-none-eabi/lib/thumb/v7e-m/fpv4-sp/hard/libc.a(lib_a-atexit.o)
 .debug_frame   0x00000000000030d8       0x34 /home/franco/Ac6/SystemWorkbench/plugins/fr.ac6.mcu.externaltools.arm-none.linux64_1.15.0.201708311556/tools/compiler/bin/../lib/gcc/arm-none-eabi/6.3.1/../../../../arm-none-eabi/lib/thumb/v7e-m/fpv4-sp/hard/libc.a(lib_a-fini.o)
 .debug_frame   0x000000000000310c       0xb0 /home/franco/Ac6/SystemWorkbench/plugins/fr.ac6.mcu.externaltools.arm-none.linux64_1.15.0.201708311556/tools/compiler/bin/../lib/gcc/arm-none-eabi/6.3.1/../../../../arm-none-eabi/lib/thumb/v7e-m/fpv4-sp/hard/libc.a(lib_a-lock.o)
 .debug_frame   0x00000000000031bc       0x34 /home/franco/Ac6/SystemWorkbench/plugins/fr.ac6.mcu.externaltools.arm-none.linux64_1.15.0.201708311556/tools/compiler/bin/../lib/gcc/arm-none-eabi/6.3.1/../../../../arm-none-eabi/lib/thumb/v7e-m/fpv4-sp/hard/libc.a(lib_a-__atexit.o)
